
Using device: cuda
  GPU: NVIDIA GeForce RTX 5090
  CUDA: 12.8

Loading data from: /root/vitfly/training/datasets/data_full
[LAZY DATALOADER] Building file path index...
[LAZY DATALOADER] Found 580 trajectory folders
[LAZY DATALOADER] Indexing folder 170725425198, folder # 1/580, time elapsed 0.00s
[LAZY DATALOADER] Row count mismatch in 170702513896: 221 images vs 224 CSV rows, skipping
[LAZY DATALOADER] Row count mismatch in 170726969542: 213 images vs 212 CSV rows, skipping
[LAZY DATALOADER] Row count mismatch in 170726084299: 301 images vs 300 CSV rows, skipping
[LAZY DATALOADER] Row count mismatch in 170725636293: 135 images vs 134 CSV rows, skipping
[LAZY DATALOADER] Row count mismatch in 170743165379: 486 images vs 546 CSV rows, skipping
[LAZY DATALOADER] Row count mismatch in 170725242543: 217 images vs 216 CSV rows, skipping
[LAZY DATALOADER] Row count mismatch in 170726377271: 299 images vs 298 CSV rows, skipping
[LAZY DATALOADER] Row count mismatch in 170702004765: 260 images vs 276 CSV rows, skipping
[LAZY DATALOADER] Row count mismatch in 170700208213: 165 images vs 164 CSV rows, skipping
[LAZY DATALOADER] Row count mismatch in 170726908452: 257 images vs 256 CSV rows, skipping
[LAZY DATALOADER] Row count mismatch in 170692670033: 59 images vs 58 CSV rows, skipping
[LAZY DATALOADER] Row count mismatch in 170699885280: 41 images vs 40 CSV rows, skipping
[LAZY DATALOADER] Row count mismatch in 170726450394: 203 images vs 202 CSV rows, skipping
[LAZY DATALOADER] Row count mismatch in 170692410562: 135 images vs 134 CSV rows, skipping
[LAZY DATALOADER] Row count mismatch in 170726412873: 225 images vs 230 CSV rows, skipping
[LAZY DATALOADER] Row count mismatch in 170692434420: 55 images vs 54 CSV rows, skipping
[LAZY DATALOADER] Row count mismatch in 170726520014: 199 images vs 198 CSV rows, skipping
[LAZY DATALOADER] Row count mismatch in 170726361198: 269 images vs 268 CSV rows, skipping
[LAZY DATALOADER] Row count mismatch in 170726801133: 275 images vs 320 CSV rows, skipping
[LAZY DATALOADER] Row count mismatch in 170699853233: 41 images vs 40 CSV rows, skipping
[LAZY DATALOADER] Row count mismatch in 170726761024: 293 images vs 300 CSV rows, skipping
[LAZY DATALOADER] Row count mismatch in 170726913196: 285 images vs 294 CSV rows, skipping
[LAZY DATALOADER] Row count mismatch in 170725198540: 210 images vs 214 CSV rows, skipping
[LAZY DATALOADER] Row count mismatch in 170726254574: 261 images vs 260 CSV rows, skipping
[LAZY DATALOADER] Row count mismatch in 170700423994: 141 images vs 140 CSV rows, skipping
[LAZY DATALOADER] Row count mismatch in 170692335583: 63 images vs 62 CSV rows, skipping
[LAZY DATALOADER] Indexing folder 170726964224, folder # 59/580, time elapsed 0.09s
[LAZY DATALOADER] Row count mismatch in 170727023088: 243 images vs 242 CSV rows, skipping
[LAZY DATALOADER] Row count mismatch in 170692445114: 65 images vs 64 CSV rows, skipping
[LAZY DATALOADER] Row count mismatch in 170725687425: 336 images vs 362 CSV rows, skipping
[LAZY DATALOADER] Row count mismatch in 170702024385: 109 images vs 108 CSV rows, skipping
[LAZY DATALOADER] Row count mismatch in 170725366886: 313 images vs 312 CSV rows, skipping
[LAZY DATALOADER] Row count mismatch in 170699814715: 35 images vs 34 CSV rows, skipping
[LAZY DATALOADER] Row count mismatch in 170727048088: 399 images vs 438 CSV rows, skipping
[LAZY DATALOADER] Row count mismatch in 170699900103: 41 images vs 40 CSV rows, skipping
[LAZY DATALOADER] Row count mismatch in 170725668987: 163 images vs 162 CSV rows, skipping
[LAZY DATALOADER] Row count mismatch in 170699855611: 91 images vs 90 CSV rows, skipping
[LAZY DATALOADER] Row count mismatch in 170726065324: 358 images vs 374 CSV rows, skipping
[LAZY DATALOADER] Row count mismatch in 170699897724: 37 images vs 38 CSV rows, skipping
[LAZY DATALOADER] Row count mismatch in 170726183734: 255 images vs 254 CSV rows, skipping
[LAZY DATALOADER] Row count mismatch in 170743105421: 569 images vs 656 CSV rows, skipping
[LAZY DATALOADER] Row count mismatch in 170725468563: 141 images vs 140 CSV rows, skipping
[LAZY DATALOADER] Row count mismatch in 170702475946: 171 images vs 170 CSV rows, skipping
[LAZY DATALOADER] Row count mismatch in 170726939308: 217 images vs 216 CSV rows, skipping
[LAZY DATALOADER] Row count mismatch in 170726949382: 233 images vs 232 CSV rows, skipping
[LAZY DATALOADER] Row count mismatch in 170699933982: 65 images vs 64 CSV rows, skipping
[LAZY DATALOADER] Row count mismatch in 170725517367: 221 images vs 220 CSV rows, skipping
[LAZY DATALOADER] Row count mismatch in 170726234364: 259 images vs 258 CSV rows, skipping
[LAZY DATALOADER] Row count mismatch in 170725501908: 153 images vs 152 CSV rows, skipping
[LAZY DATALOADER] Row count mismatch in 170700378855: 135 images vs 134 CSV rows, skipping
[LAZY DATALOADER] Row count mismatch in 170743236749: 367 images vs 366 CSV rows, skipping
[LAZY DATALOADER] Row count mismatch in 170743221934: 414 images vs 434 CSV rows, skipping
[LAZY DATALOADER] Row count mismatch in 170702092133: 181 images vs 180 CSV rows, skipping
[LAZY DATALOADER] Row count mismatch in 170692432019: 53 images vs 52 CSV rows, skipping
[LAZY DATALOADER] Row count mismatch in 170725657088: 362 images vs 380 CSV rows, skipping
[LAZY DATALOADER] Row count mismatch in 170726868099: 283 images vs 282 CSV rows, skipping
[LAZY DATALOADER] Row count mismatch in 170692372432: 121 images vs 120 CSV rows, skipping
[LAZY DATALOADER] Row count mismatch in 170702057070: 105 images vs 104 CSV rows, skipping
[LAZY DATALOADER] Row count mismatch in 170743267611: 415 images vs 442 CSV rows, skipping
[LAZY DATALOADER] Row count mismatch in 170725988431: 319 images vs 318 CSV rows, skipping
[LAZY DATALOADER] Row count mismatch in 170692587275: 65 images vs 64 CSV rows, skipping
[LAZY DATALOADER] Indexing folder 170702066582, folder # 117/580, time elapsed 0.18s
[LAZY DATALOADER] Row count mismatch in 170702066582: 167 images vs 166 CSV rows, skipping
[LAZY DATALOADER] Row count mismatch in 170726012265: 271 images vs 270 CSV rows, skipping
[LAZY DATALOADER] Row count mismatch in 170726511097: 246 images vs 248 CSV rows, skipping
[LAZY DATALOADER] Row count mismatch in 170702446827: 203 images vs 202 CSV rows, skipping
[LAZY DATALOADER] Row count mismatch in 170726239690: 308 images vs 310 CSV rows, skipping
[LAZY DATALOADER] Row count mismatch in 170726778115: 268 images vs 282 CSV rows, skipping
[LAZY DATALOADER] Row count mismatch in 170726974308: 354 images vs 360 CSV rows, skipping
[LAZY DATALOADER] Row count mismatch in 170743117887: 413 images vs 412 CSV rows, skipping
[LAZY DATALOADER] Row count mismatch in 170726136699: 225 images vs 224 CSV rows, skipping
[LAZY DATALOADER] Row count mismatch in 170700337839: 139 images vs 138 CSV rows, skipping
[LAZY DATALOADER] Row count mismatch in 170692592652: 61 images vs 60 CSV rows, skipping
[LAZY DATALOADER] Row count mismatch in 170726059362: 386 images vs 416 CSV rows, skipping
[LAZY DATALOADER] Row count mismatch in 170700356261: 146 images vs 148 CSV rows, skipping
[LAZY DATALOADER] Row count mismatch in 170743123829: 475 images vs 474 CSV rows, skipping
[LAZY DATALOADER] Row count mismatch in 170699842543: 69 images vs 68 CSV rows, skipping
[LAZY DATALOADER] Row count mismatch in 170726164683: 307 images vs 306 CSV rows, skipping
[LAZY DATALOADER] Row count mismatch in 170725188423: 225 images vs 224 CSV rows, skipping
[LAZY DATALOADER] Row count mismatch in 170726862746: 294 images vs 324 CSV rows, skipping
[LAZY DATALOADER] Row count mismatch in 170726351079: 271 images vs 270 CSV rows, skipping
[LAZY DATALOADER] Row count mismatch in 170702014887: 230 images vs 238 CSV rows, skipping
[LAZY DATALOADER] Row count mismatch in 170726749357: 370 images vs 402 CSV rows, skipping
[LAZY DATALOADER] Row count mismatch in 170726007494: 325 images vs 324 CSV rows, skipping
[LAZY DATALOADER] Row count mismatch in 170726482492: 289 images vs 288 CSV rows, skipping
[LAZY DATALOADER] Row count mismatch in 170726264087: 243 images vs 242 CSV rows, skipping
[LAZY DATALOADER] Row count mismatch in 170700319413: 149 images vs 148 CSV rows, skipping
[LAZY DATALOADER] Row count mismatch in 170692597401: 53 images vs 52 CSV rows, skipping
[LAZY DATALOADER] Row count mismatch in 170702553098: 131 images vs 130 CSV rows, skipping
[LAZY DATALOADER] Row count mismatch in 170692551638: 83 images vs 82 CSV rows, skipping
[LAZY DATALOADER] Row count mismatch in 170699801689: 45 images vs 44 CSV rows, skipping
[LAZY DATALOADER] Row count mismatch in 170727033217: 241 images vs 240 CSV rows, skipping
[LAZY DATALOADER] Row count mismatch in 170743072172: 405 images vs 404 CSV rows, skipping
[LAZY DATALOADER] Row count mismatch in 170743242707: 442 images vs 494 CSV rows, skipping
[LAZY DATALOADER] Row count mismatch in 170727028448: 225 images vs 224 CSV rows, skipping
[LAZY DATALOADER] Row count mismatch in 170726934574: 249 images vs 248 CSV rows, skipping
[LAZY DATALOADER] Row count mismatch in 170726048009: 303 images vs 302 CSV rows, skipping
[LAZY DATALOADER] Indexing folder 170725538780, folder # 175/580, time elapsed 0.28s
[LAZY DATALOADER] Row count mismatch in 170725538780: 183 images vs 182 CSV rows, skipping
[LAZY DATALOADER] Row count mismatch in 170743211265: 345 images vs 372 CSV rows, skipping
[LAZY DATALOADER] Row count mismatch in 170692612875: 53 images vs 52 CSV rows, skipping
[LAZY DATALOADER] Row count mismatch in 170699911969: 37 images vs 36 CSV rows, skipping
[LAZY DATALOADER] Row count mismatch in 170726492010: 325 images vs 324 CSV rows, skipping
[LAZY DATALOADER] Row count mismatch in 170726268820: 259 images vs 258 CSV rows, skipping
[LAZY DATALOADER] Row count mismatch in 170692570022: 53 images vs 52 CSV rows, skipping
[LAZY DATALOADER] Row count mismatch in 170726071279: 267 images vs 276 CSV rows, skipping
[LAZY DATALOADER] Row count mismatch in 170725582221: 199 images vs 198 CSV rows, skipping
[LAZY DATALOADER] Row count mismatch in 170725215196: 185 images vs 184 CSV rows, skipping
[LAZY DATALOADER] Row count mismatch in 170692467197: 39 images vs 38 CSV rows, skipping
[LAZY DATALOADER] Row count mismatch in 170700324166: 89 images vs 88 CSV rows, skipping
[LAZY DATALOADER] Row count mismatch in 170727073640: 259 images vs 280 CSV rows, skipping
[LAZY DATALOADER] Row count mismatch in 170700227997: 159 images vs 158 CSV rows, skipping
[LAZY DATALOADER] Row count mismatch in 170699869244: 45 images vs 44 CSV rows, skipping
[LAZY DATALOADER] Row count mismatch in 170725674343: 346 images vs 360 CSV rows, skipping
[LAZY DATALOADER] Row count mismatch in 170700346766: 151 images vs 150 CSV rows, skipping
[LAZY DATALOADER] Row count mismatch in 170702097491: 161 images vs 160 CSV rows, skipping
[LAZY DATALOADER] Row count mismatch in 170725532836: 195 images vs 194 CSV rows, skipping
[LAZY DATALOADER] Row count mismatch in 170700246399: 99 images vs 98 CSV rows, skipping
[LAZY DATALOADER] Row count mismatch in 170726985004: 235 images vs 234 CSV rows, skipping
[LAZY DATALOADER] Row count mismatch in 170692472528: 85 images vs 84 CSV rows, skipping
[LAZY DATALOADER] Row count mismatch in 170702010728: 103 images vs 102 CSV rows, skipping
[LAZY DATALOADER] Row count mismatch in 170726468225: 269 images vs 268 CSV rows, skipping
[LAZY DATALOADER] Row count mismatch in 170726954134: 239 images vs 238 CSV rows, skipping
[LAZY DATALOADER] Row count mismatch in 170726882938: 236 images vs 244 CSV rows, skipping
[LAZY DATALOADER] Row count mismatch in 170725430539: 183 images vs 182 CSV rows, skipping
[LAZY DATALOADER] Row count mismatch in 170699798770: 69 images vs 68 CSV rows, skipping
[LAZY DATALOADER] Row count mismatch in 170725309222: 225 images vs 224 CSV rows, skipping
[LAZY DATALOADER] Row count mismatch in 170726893003: 303 images vs 306 CSV rows, skipping
[LAZY DATALOADER] Row count mismatch in 170726323620: 285 images vs 284 CSV rows, skipping
[LAZY DATALOADER] Row count mismatch in 170699909594: 45 images vs 46 CSV rows, skipping
[LAZY DATALOADER] Row count mismatch in 170726677554: 249 images vs 248 CSV rows, skipping
[LAZY DATALOADER] Indexing folder 170699914360, folder # 233/580, time elapsed 0.36s
[LAZY DATALOADER] Row count mismatch in 170692388522: 107 images vs 106 CSV rows, skipping
[LAZY DATALOADER] Row count mismatch in 170726314091: 263 images vs 262 CSV rows, skipping
[LAZY DATALOADER] Row count mismatch in 170727068279: 321 images vs 364 CSV rows, skipping
[LAZY DATALOADER] Row count mismatch in 170725479254: 179 images vs 178 CSV rows, skipping
[LAZY DATALOADER] Row count mismatch in 170700369348: 125 images vs 124 CSV rows, skipping
[LAZY DATALOADER] Row count mismatch in 170725277072: 187 images vs 186 CSV rows, skipping
[LAZY DATALOADER] Row count mismatch in 170726689120: 213 images vs 212 CSV rows, skipping
[LAZY DATALOADER] Row count mismatch in 170692338554: 69 images vs 68 CSV rows, skipping
[LAZY DATALOADER] Row count mismatch in 170702037462: 129 images vs 128 CSV rows, skipping
[LAZY DATALOADER] Row count mismatch in 170726244458: 237 images vs 236 CSV rows, skipping
[LAZY DATALOADER] Row count mismatch in 170692355205: 117 images vs 116 CSV rows, skipping
[LAZY DATALOADER] Row count mismatch in 170725554855: 195 images vs 194 CSV rows, skipping
[LAZY DATALOADER] Row count mismatch in 170726824138: 237 images vs 246 CSV rows, skipping
[LAZY DATALOADER] Row count mismatch in 170692344508: 73 images vs 72 CSV rows, skipping
[LAZY DATALOADER] Row count mismatch in 170726053966: 390 images vs 394 CSV rows, skipping
[LAZY DATALOADER] Row count mismatch in 170726878203: 231 images vs 230 CSV rows, skipping
[LAZY DATALOADER] Row count mismatch in 170726958902: 287 images vs 286 CSV rows, skipping
[LAZY DATALOADER] Row count mismatch in 170700433509: 105 images vs 104 CSV rows, skipping
[LAZY DATALOADER] Row count mismatch in 170725304466: 129 images vs 128 CSV rows, skipping
[LAZY DATALOADER] Row count mismatch in 170700333084: 157 images vs 156 CSV rows, skipping
[LAZY DATALOADER] Row count mismatch in 170692610493: 49 images vs 48 CSV rows, skipping
[LAZY DATALOADER] Row count mismatch in 170700218481: 115 images vs 114 CSV rows, skipping
[LAZY DATALOADER] Row count mismatch in 170726887690: 281 images vs 280 CSV rows, skipping
[LAZY DATALOADER] Row count mismatch in 170725373433: 171 images vs 170 CSV rows, skipping
[LAZY DATALOADER] Row count mismatch in 170700328313: 155 images vs 154 CSV rows, skipping
[LAZY DATALOADER] Row count mismatch in 170726979646: 259 images vs 258 CSV rows, skipping
[LAZY DATALOADER] Row count mismatch in 170726473577: 211 images vs 210 CSV rows, skipping
[LAZY DATALOADER] Row count mismatch in 170726303376: 331 images vs 330 CSV rows, skipping
[LAZY DATALOADER] Row count mismatch in 170699845526: 37 images vs 36 CSV rows, skipping
[LAZY DATALOADER] Row count mismatch in 170692453451: 59 images vs 58 CSV rows, skipping
[LAZY DATALOADER] Row count mismatch in 170702471193: 179 images vs 178 CSV rows, skipping
[LAZY DATALOADER] Row count mismatch in 170692347491: 65 images vs 64 CSV rows, skipping
[LAZY DATALOADER] Indexing folder 170726807188, folder # 291/580, time elapsed 0.45s
[LAZY DATALOADER] Row count mismatch in 170700387766: 153 images vs 152 CSV rows, skipping
[LAZY DATALOADER] Row count mismatch in 170692361160: 133 images vs 132 CSV rows, skipping
[LAZY DATALOADER] Row count mismatch in 170726408142: 251 images vs 250 CSV rows, skipping
[LAZY DATALOADER] Row count mismatch in 170743284845: 378 images vs 398 CSV rows, skipping
[LAZY DATALOADER] Row count mismatch in 170726739038: 313 images vs 360 CSV rows, skipping
[LAZY DATALOADER] Row count mismatch in 170725457863: 255 images vs 254 CSV rows, skipping
[LAZY DATALOADER] Row count mismatch in 170702524605: 217 images vs 232 CSV rows, skipping
[LAZY DATALOADER] Row count mismatch in 170726207541: 299 images vs 298 CSV rows, skipping
[LAZY DATALOADER] Row count mismatch in 170726403391: 191 images vs 190 CSV rows, skipping
[LAZY DATALOADER] Row count mismatch in 170725441209: 195 images vs 194 CSV rows, skipping
[LAZY DATALOADER] Row count mismatch in 170700232744: 105 images vs 104 CSV rows, skipping
[LAZY DATALOADER] Row count mismatch in 170699929218: 55 images vs 54 CSV rows, skipping
[LAZY DATALOADER] Row count mismatch in 170743321068: 291 images vs 290 CSV rows, skipping
[LAZY DATALOADER] Row count mismatch in 170726497392: 249 images vs 248 CSV rows, skipping
[LAZY DATALOADER] Row count mismatch in 170702576255: 248 images vs 254 CSV rows, skipping
[LAZY DATALOADER] Row count mismatch in 170725715402: 145 images vs 144 CSV rows, skipping
[LAZY DATALOADER] Row count mismatch in 170692602150: 51 images vs 50 CSV rows, skipping
[LAZY DATALOADER] Row count mismatch in 170726700659: 282 images vs 312 CSV rows, skipping
[LAZY DATALOADER] Row count mismatch in 170692584317: 99 images vs 98 CSV rows, skipping
[LAZY DATALOADER] Row count mismatch in 170725463806: 141 images vs 140 CSV rows, skipping
[LAZY DATALOADER] Row count mismatch in 170727078390: 246 images vs 252 CSV rows, skipping
[LAZY DATALOADER] Row count mismatch in 170726283699: 339 images vs 338 CSV rows, skipping
[LAZY DATALOADER] Row count mismatch in 170702452193: 170 images vs 172 CSV rows, skipping
[LAZY DATALOADER] Row count mismatch in 170726122376: 251 images vs 250 CSV rows, skipping
[LAZY DATALOADER] Row count mismatch in 170725681475: 253 images vs 252 CSV rows, skipping
[LAZY DATALOADER] Row count mismatch in 170726427777: 273 images vs 272 CSV rows, skipping
[LAZY DATALOADER] Row count mismatch in 170727088467: 360 images vs 402 CSV rows, skipping
[LAZY DATALOADER] Row count mismatch in 170725566753: 153 images vs 152 CSV rows, skipping
[LAZY DATALOADER] Indexing folder 170725337161, folder # 349/580, time elapsed 0.54s
[LAZY DATALOADER] Row count mismatch in 170725337161: 283 images vs 282 CSV rows, skipping
[LAZY DATALOADER] Row count mismatch in 170726828879: 189 images vs 188 CSV rows, skipping
[LAZY DATALOADER] Row count mismatch in 170726744508: 187 images vs 186 CSV rows, skipping
[LAZY DATALOADER] Row count mismatch in 170726169449: 261 images vs 260 CSV rows, skipping
[LAZY DATALOADER] Row count mismatch in 170700255883: 105 images vs 104 CSV rows, skipping
[LAZY DATALOADER] Row count mismatch in 170692375422: 89 images vs 88 CSV rows, skipping
[LAZY DATALOADER] Row count mismatch in 170725220546: 165 images vs 164 CSV rows, skipping
[LAZY DATALOADER] Row count mismatch in 170726838397: 212 images vs 214 CSV rows, skipping
[LAZY DATALOADER] Row count mismatch in 170702020245: 119 images vs 118 CSV rows, skipping
[LAZY DATALOADER] Row count mismatch in 170692535018: 77 images vs 76 CSV rows, skipping
[LAZY DATALOADER] Row count mismatch in 170692323673: 137 images vs 136 CSV rows, skipping
[LAZY DATALOADER] Row count mismatch in 170725343691: 185 images vs 184 CSV rows, skipping
[LAZY DATALOADER] Row count mismatch in 170743130358: 499 images vs 498 CSV rows, skipping
[LAZY DATALOADER] Row count mismatch in 170725527463: 181 images vs 180 CSV rows, skipping
[LAZY DATALOADER] Row count mismatch in 170725978329: 289 images vs 288 CSV rows, skipping
[LAZY DATALOADER] Row count mismatch in 170725321119: 139 images vs 138 CSV rows, skipping
[LAZY DATALOADER] Row count mismatch in 170700265390: 145 images vs 144 CSV rows, skipping
[LAZY DATALOADER] Row count mismatch in 170726197429: 327 images vs 326 CSV rows, skipping
[LAZY DATALOADER] Row count mismatch in 170726842541: 251 images vs 268 CSV rows, skipping
[LAZY DATALOADER] Row count mismatch in 170726273618: 365 images vs 364 CSV rows, skipping
[LAZY DATALOADER] Row count mismatch in 170726131920: 317 images vs 316 CSV rows, skipping
[LAZY DATALOADER] Row count mismatch in 170699831279: 55 images vs 54 CSV rows, skipping
[LAZY DATALOADER] Row count mismatch in 170702501453: 123 images vs 126 CSV rows, skipping
[LAZY DATALOADER] Row count mismatch in 170725236576: 225 images vs 224 CSV rows, skipping
[LAZY DATALOADER] Row count mismatch in 170725841776: 191 images vs 190 CSV rows, skipping
[LAZY DATALOADER] Row count mismatch in 170726106923: 251 images vs 250 CSV rows, skipping
[LAZY DATALOADER] Row count mismatch in 170726388586: 273 images vs 272 CSV rows, skipping
[LAZY DATALOADER] Row count mismatch in 170727083727: 290 images vs 292 CSV rows, skipping
[LAZY DATALOADER] Row count mismatch in 170725856033: 165 images vs 164 CSV rows, skipping
[LAZY DATALOADER] Row count mismatch in 170725828715: 146 images vs 148 CSV rows, skipping
[LAZY DATALOADER] Row count mismatch in 170692579559: 45 images vs 44 CSV rows, skipping
[LAZY DATALOADER] Row count mismatch in 170700283787: 145 images vs 148 CSV rows, skipping
[LAZY DATALOADER] Row count mismatch in 170725299098: 163 images vs 162 CSV rows, skipping
[LAZY DATALOADER] Indexing folder 170700392515, folder # 407/580, time elapsed 0.63s
[LAZY DATALOADER] Row count mismatch in 170700392515: 126 images vs 128 CSV rows, skipping
[LAZY DATALOADER] Row count mismatch in 170725495945: 179 images vs 178 CSV rows, skipping
[LAZY DATALOADER] Row count mismatch in 170726432552: 225 images vs 224 CSV rows, skipping
[LAZY DATALOADER] Row count mismatch in 170699890625: 55 images vs 54 CSV rows, skipping
[LAZY DATALOADER] Row count mismatch in 170702509743: 107 images vs 106 CSV rows, skipping
[LAZY DATALOADER] Row count mismatch in 170726999275: 248 images vs 260 CSV rows, skipping
[LAZY DATALOADER] Row count mismatch in 170702071938: 161 images vs 162 CSV rows, skipping
[LAZY DATALOADER] Row count mismatch in 170726795076: 225 images vs 224 CSV rows, skipping
[LAZY DATALOADER] Row count mismatch in 170725231234: 147 images vs 146 CSV rows, skipping
[LAZY DATALOADER] Row count mismatch in 170726458724: 228 images vs 232 CSV rows, skipping
[LAZY DATALOADER] Row count mismatch in 170726506306: 232 images vs 238 CSV rows, skipping
[LAZY DATALOADER] Row count mismatch in 170743255138: 474 images vs 520 CSV rows, skipping
[LAZY DATALOADER] Row count mismatch in 170725993189: 341 images vs 340 CSV rows, skipping
[LAZY DATALOADER] Row count mismatch in 170699871611: 49 images vs 48 CSV rows, skipping
[LAZY DATALOADER] Row count mismatch in 170700383606: 91 images vs 90 CSV rows, skipping
[LAZY DATALOADER] Row count mismatch in 170726318860: 241 images vs 240 CSV rows, skipping
[LAZY DATALOADER] Row count mismatch in 170725315155: 207 images vs 206 CSV rows, skipping
[LAZY DATALOADER] Row count mismatch in 170726111655: 330 images vs 364 CSV rows, skipping
[LAZY DATALOADER] Row count mismatch in 170699924457: 31 images vs 30 CSV rows, skipping
[LAZY DATALOADER] Row count mismatch in 170726174211: 309 images vs 308 CSV rows, skipping
[LAZY DATALOADER] Row count mismatch in 170692436812: 47 images vs 46 CSV rows, skipping
[LAZY DATALOADER] Row count mismatch in 170743196869: 401 images vs 434 CSV rows, skipping
[LAZY DATALOADER] Row count mismatch in 170743315715: 380 images vs 400 CSV rows, skipping
[LAZY DATALOADER] Row count mismatch in 170726445644: 227 images vs 226 CSV rows, skipping
[LAZY DATALOADER] Row count mismatch in 170692562331: 51 images vs 50 CSV rows, skipping
[LAZY DATALOADER] Row count mismatch in 170699892982: 63 images vs 62 CSV rows, skipping
[LAZY DATALOADER] Row count mismatch in 170743158249: 542 images vs 556 CSV rows, skipping
[LAZY DATALOADER] Row count mismatch in 170692413556: 131 images vs 130 CSV rows, skipping
[LAZY DATALOADER] Row count mismatch in 170743261687: 457 images vs 526 CSV rows, skipping
[LAZY DATALOADER] Row count mismatch in 170725355596: 199 images vs 198 CSV rows, skipping
[LAZY DATALOADER] Row count mismatch in 170702042209: 169 images vs 168 CSV rows, skipping
[LAZY DATALOADER] Row count mismatch in 170700236906: 129 images vs 128 CSV rows, skipping
[LAZY DATALOADER] Row count mismatch in 170699931609: 69 images vs 68 CSV rows, skipping
[LAZY DATALOADER] Row count mismatch in 170727004041: 231 images vs 230 CSV rows, skipping
[LAZY DATALOADER] Row count mismatch in 170725183055: 149 images vs 148 CSV rows, skipping
[LAZY DATALOADER] Row count mismatch in 170726249215: 280 images vs 286 CSV rows, skipping
[LAZY DATALOADER] Row count mismatch in 170725507255: 222 images vs 228 CSV rows, skipping
[LAZY DATALOADER] Row count mismatch in 170726217679: 287 images vs 286 CSV rows, skipping
[LAZY DATALOADER] Row count mismatch in 170726436703: 205 images vs 204 CSV rows, skipping
[LAZY DATALOADER] Indexing folder 170726127157, folder # 465/580, time elapsed 0.72s
[LAZY DATALOADER] Row count mismatch in 170726127157: 249 images vs 248 CSV rows, skipping
[LAZY DATALOADER] Row count mismatch in 170725171769: 197 images vs 198 CSV rows, skipping
[LAZY DATALOADER] Row count mismatch in 170692397470: 119 images vs 118 CSV rows, skipping
[LAZY DATALOADER] Row count mismatch in 170727099746: 279 images vs 296 CSV rows, skipping
[LAZY DATALOADER] Row count mismatch in 170725814468: 77 images vs 76 CSV rows, skipping
[LAZY DATALOADER] Row count mismatch in 170725577457: 129 images vs 128 CSV rows, skipping
[LAZY DATALOADER] Row count mismatch in 170727111037: 221 images vs 220 CSV rows, skipping
[LAZY DATALOADER] Row count mismatch in 170699919107: 45 images vs 44 CSV rows, skipping
[LAZY DATALOADER] Row count mismatch in 170692400444: 115 images vs 114 CSV rows, skipping
[LAZY DATALOADER] Row count mismatch in 170725631541: 139 images vs 138 CSV rows, skipping
[LAZY DATALOADER] Row count mismatch in 170726723228: 257 images vs 256 CSV rows, skipping
[LAZY DATALOADER] Row count mismatch in 170700222636: 157 images vs 156 CSV rows, skipping
[LAZY DATALOADER] Row count mismatch in 170725560804: 226 images vs 234 CSV rows, skipping
[LAZY DATALOADER] Row count mismatch in 170726080166: 231 images vs 230 CSV rows, skipping
[LAZY DATALOADER] Row count mismatch in 170725622069: 143 images vs 142 CSV rows, skipping
[LAZY DATALOADER] Row count mismatch in 170726755565: 286 images vs 328 CSV rows, skipping
[LAZY DATALOADER] Row count mismatch in 170692577179: 59 images vs 58 CSV rows, skipping
[LAZY DATALOADER] Row count mismatch in 170702562000: 227 images vs 230 CSV rows, skipping
[LAZY DATALOADER] Row count mismatch in 170692369465: 79 images vs 78 CSV rows, skipping
[LAZY DATALOADER] Row count mismatch in 170726150418: 267 images vs 266 CSV rows, skipping
[LAZY DATALOADER] Row count mismatch in 170743215994: 387 images vs 434 CSV rows, skipping
[LAZY DATALOADER] Row count mismatch in 170726944046: 347 images vs 384 CSV rows, skipping
[LAZY DATALOADER] Row count mismatch in 170726366564: 362 images vs 364 CSV rows, skipping
[LAZY DATALOADER] Row count mismatch in 170692475538: 43 images vs 42 CSV rows, skipping
[LAZY DATALOADER] Row count mismatch in 170725819229: 81 images vs 80 CSV rows, skipping
[LAZY DATALOADER] Row count mismatch in 170726043239: 237 images vs 238 CSV rows, skipping
[LAZY DATALOADER] Row count mismatch in 170743205912: 372 images vs 414 CSV rows, skipping
[LAZY DATALOADER] Row count mismatch in 170726022382: 260 images vs 274 CSV rows, skipping
[LAZY DATALOADER] Row count mismatch in 170725403764: 221 images vs 220 CSV rows, skipping
[LAZY DATALOADER] Row count mismatch in 170692341541: 85 images vs 84 CSV rows, skipping
[LAZY DATALOADER] Row count mismatch in 170743249220: 367 images vs 402 CSV rows, skipping
[LAZY DATALOADER] Indexing folder 170725378773, folder # 523/580, time elapsed 0.81s
[LAZY DATALOADER] Row count mismatch in 170725378773: 400 images vs 428 CSV rows, skipping
[LAZY DATALOADER] Row count mismatch in 170727054032: 314 images vs 324 CSV rows, skipping
[LAZY DATALOADER] Row count mismatch in 170725863161: 145 images vs 144 CSV rows, skipping
[LAZY DATALOADER] Row count mismatch in 170726694586: 309 images vs 316 CSV rows, skipping
[LAZY DATALOADER] Row count mismatch in 170726852651: 368 images vs 396 CSV rows, skipping
[LAZY DATALOADER] Row count mismatch in 170702544200: 145 images vs 144 CSV rows, skipping
[LAZY DATALOADER] Row count mismatch in 170700241053: 207 images vs 206 CSV rows, skipping
[LAZY DATALOADER] Row count mismatch in 170726683648: 195 images vs 196 CSV rows, skipping
[LAZY DATALOADER] Row count mismatch in 170725664235: 145 images vs 144 CSV rows, skipping
[LAZY DATALOADER] Row count mismatch in 170692416519: 107 images vs 106 CSV rows, skipping
[LAZY DATALOADER] Row count mismatch in 170726454556: 201 images vs 200 CSV rows, skipping
[LAZY DATALOADER] Row count mismatch in 170692455831: 97 images vs 96 CSV rows, skipping
[LAZY DATALOADER] Row count mismatch in 170725204479: 175 images vs 174 CSV rows, skipping
[LAZY DATALOADER] Row count mismatch in 170725266365: 175 images vs 174 CSV rows, skipping
[LAZY DATALOADER] Row count mismatch in 170700419247: 145 images vs 144 CSV rows, skipping
[LAZY DATALOADER] Row count mismatch in 170726812669: 233 images vs 236 CSV rows, skipping
[LAZY DATALOADER] Row count mismatch in 170726178984: 273 images vs 272 CSV rows, skipping
[LAZY DATALOADER] Row count mismatch in 170692408193: 65 images vs 64 CSV rows, skipping
[LAZY DATALOADER] Row count mismatch in 170743273549: 319 images vs 318 CSV rows, skipping
[LAZY DATALOADER] Row count mismatch in 170725588169: 193 images vs 192 CSV rows, skipping
[LAZY DATALOADER] Row count mismatch in 170725332414: 158 images vs 164 CSV rows, skipping
[LAZY DATALOADER] Row count mismatch in 170692572394: 55 images vs 54 CSV rows, skipping
[LAZY DATALOADER] Row count mismatch in 170726995115: 199 images vs 198 CSV rows, skipping
[LAZY DATALOADER] Row count mismatch in 170700279060: 147 images vs 146 CSV rows, skipping
[LAZY DATALOADER] Row count mismatch in 170725409726: 155 images vs 154 CSV rows, skipping
[LAZY DATALOADER] Row count mismatch in 170726027139: 345 images vs 344 CSV rows, skipping
[LAZY DATALOADER] Row count mismatch in 170725647575: 123 images vs 122 CSV rows, skipping
[LAZY DATALOADER] Row count mismatch in 170726278957: 221 images vs 220 CSV rows, skipping
[LAZY DATALOADER] Row count mismatch in 170726140918: 293 images vs 292 CSV rows, skipping
[LAZY DATALOADER] Row count mismatch in 170692326650: 115 images vs 114 CSV rows, skipping
[LAZY DATALOADER] Row count mismatch in 170743296709: 339 images vs 350 CSV rows, skipping
[LAZY DATALOADER] Row count mismatch in 170743278897: 462 images vs 536 CSV rows, skipping
[LAZY DATALOADER] Row count mismatch in 170692391515: 139 images vs 138 CSV rows, skipping
[LAZY DATALOADER] Row count mismatch in 170700360435: 129 images vs 128 CSV rows, skipping
[LAZY DATALOADER] Row count mismatch in 170743144003: 527 images vs 526 CSV rows, skipping
[LAZY DATALOADER] Row count mismatch in 170726299189: 251 images vs 250 CSV rows, skipping
[LAZY DATALOADER] Indexed 42156 samples
[LAZY DATALOADER] Skipped 327 folders, 67920 images
[LAZY DATALOADER] Indexing took 0.91s
[LAZY DATALOADER] Train samples: 33725
[LAZY DATALOADER] Val samples: 8431
  Training samples: 33725
  Validation samples: 8431

############################################################
# Starting distillation for Branch Fusion
############################################################

============================================================
Distillation Training: Branch Fusion
  Teacher: ViT+LSTM (frozen)
  Student: Fusion
  Loss weights: α=1.0, β=1.0, γ=1.0
============================================================

============================================================
Loading Teacher: ViT+LSTM (TeacherVITLSTM, ckpt-compatible)
============================================================
  Loaded teacher from: /root/vitfly/models/ViTLSTM_model.pth
  Teacher parameters: 3,563,663 (3.56M)
  Teacher frozen: True
  Student (Fusion) parameters: 3,186,307 (3.19M)

Starting distillation for 50 epochs...
  Batch size: 32, Grad accum: 1
  Sequence length: 1
Epoch   1/50 | Tr:12.5380 (feat:10.8271 dist:0.5633 gt:1.1476) | Val gt:1.0985 dist:0.7033 feat:10.8408 | mag:0.800 var:0.0141 | LR:0.000040 | 69s
  ★ Best model! score=1.4502 (gt=1.0985 distill=0.7033)
Epoch   2/50 | Tr:12.6273 (feat:10.9973 dist:0.5718 gt:1.0582) | Val gt:1.0738 dist:0.7087 feat:11.0090 | mag:0.808 var:0.0226 | LR:0.000060 | 62s
  ★ Best model! score=1.4282 (gt=1.0738 distill=0.7087)
Epoch   3/50 | Tr:12.7550 (feat:11.1535 dist:0.5815 gt:1.0200) | Val gt:1.1343 dist:0.6317 feat:11.0359 | mag:0.808 var:0.0216 | LR:0.000080 | 62s
Epoch   4/50 | Tr:12.7294 (feat:11.1513 dist:0.5898 gt:0.9882) | Val gt:1.1116 dist:0.6380 feat:11.0048 | mag:0.788 var:0.0224 | LR:0.000100 | 62s
Epoch   5/50 | Tr:12.7064 (feat:11.1532 dist:0.5954 gt:0.9578) | Val gt:1.0281 dist:0.6867 feat:11.0353 | mag:0.817 var:0.0250 | LR:0.000100 | 62s
  ★ Best model! score=1.3715 (gt=1.0281 distill=0.6867)
Epoch   6/50 | Tr:12.6290 (feat:11.1023 dist:0.6084 gt:0.9183) | Val gt:1.0581 dist:0.6336 feat:11.0352 | mag:0.802 var:0.0216 | LR:0.000100 | 63s
Epoch   7/50 | Tr:12.6175 (feat:11.1155 dist:0.6171 gt:0.8849) | Val gt:0.9696 dist:0.6995 feat:11.1103 | mag:0.832 var:0.0265 | LR:0.000100 | 62s
  ★ Best model! score=1.3194 (gt=0.9696 distill=0.6995)
Epoch   8/50 | Tr:12.5531 (feat:11.0686 dist:0.6262 gt:0.8583) | Val gt:1.0490 dist:0.6169 feat:10.9913 | mag:0.791 var:0.0279 | LR:0.000099 | 62s
Epoch   9/50 | Tr:12.5238 (feat:11.0514 dist:0.6339 gt:0.8385) | Val gt:0.9515 dist:0.7118 feat:10.8971 | mag:0.824 var:0.0321 | LR:0.000098 | 62s
  ★ Best model! score=1.3074 (gt=0.9515 distill=0.7118)
Epoch  10/50 | Tr:12.5147 (feat:11.0542 dist:0.6415 gt:0.8190) | Val gt:0.9204 dist:0.7440 feat:10.9787 | mag:0.855 var:0.0405 | LR:0.000097 | 62s
  ★ Best model! score=1.2924 (gt=0.9204 distill=0.7440)
Epoch  11/50 | Tr:12.5069 (feat:11.0566 dist:0.6459 gt:0.8043) | Val gt:0.9514 dist:0.7078 feat:10.9402 | mag:0.836 var:0.0369 | LR:0.000096 | 63s
Epoch  12/50 | Tr:12.4872 (feat:11.0443 dist:0.6517 gt:0.7911) | Val gt:0.9738 dist:0.6758 feat:10.9996 | mag:0.805 var:0.0271 | LR:0.000094 | 62s
Epoch  13/50 | Tr:12.4541 (feat:11.0185 dist:0.6550 gt:0.7806) | Val gt:0.9825 dist:0.6599 feat:11.0418 | mag:0.804 var:0.0287 | LR:0.000092 | 60s
Epoch  14/50 | Tr:12.4517 (feat:11.0213 dist:0.6581 gt:0.7723) | Val gt:0.9252 dist:0.7254 feat:10.9672 | mag:0.829 var:0.0391 | LR:0.000090 | 58s
  ★ Best model! score=1.2879 (gt=0.9252 distill=0.7254)
Epoch  15/50 | Tr:12.4667 (feat:11.0446 dist:0.6594 gt:0.7627) | Val gt:0.9692 dist:0.6804 feat:10.9045 | mag:0.818 var:0.0399 | LR:0.000088 | 62s
Epoch  16/50 | Tr:12.4613 (feat:11.0429 dist:0.6638 gt:0.7547) | Val gt:0.9284 dist:0.7241 feat:10.9994 | mag:0.830 var:0.0375 | LR:0.000086 | 61s
Epoch  17/50 | Tr:12.4587 (feat:11.0453 dist:0.6650 gt:0.7484) | Val gt:0.9607 dist:0.6897 feat:10.8505 | mag:0.822 var:0.0445 | LR:0.000083 | 62s
Epoch  18/50 | Tr:12.4457 (feat:11.0336 dist:0.6673 gt:0.7448) | Val gt:0.9574 dist:0.6859 feat:10.8476 | mag:0.815 var:0.0396 | LR:0.000081 | 62s
Epoch  19/50 | Tr:12.4228 (feat:11.0165 dist:0.6685 gt:0.7378) | Val gt:0.9716 dist:0.6777 feat:10.9157 | mag:0.812 var:0.0387 | LR:0.000078 | 63s
Epoch  20/50 | Tr:12.4190 (feat:11.0147 dist:0.6705 gt:0.7338) | Val gt:0.9766 dist:0.6749 feat:10.8636 | mag:0.811 var:0.0437 | LR:0.000075 | 62s
Epoch  21/50 | Tr:12.4068 (feat:11.0039 dist:0.6728 gt:0.7301) | Val gt:0.9416 dist:0.7072 feat:10.8620 | mag:0.823 var:0.0414 | LR:0.000072 | 62s
Epoch  22/50 | Tr:12.3930 (feat:10.9939 dist:0.6731 gt:0.7260) | Val gt:0.9207 dist:0.7287 feat:10.8834 | mag:0.829 var:0.0403 | LR:0.000069 | 62s
  ★ Best model! score=1.2850 (gt=0.9207 distill=0.7287)
Epoch  23/50 | Tr:12.3769 (feat:10.9777 dist:0.6750 gt:0.7242) | Val gt:0.9690 dist:0.6819 feat:10.8380 | mag:0.811 var:0.0413 | LR:0.000065 | 61s
Epoch  24/50 | Tr:12.3983 (feat:11.0010 dist:0.6761 gt:0.7213) | Val gt:0.9487 dist:0.6979 feat:10.8920 | mag:0.820 var:0.0440 | LR:0.000062 | 62s
Epoch  25/50 | Tr:12.3766 (feat:10.9845 dist:0.6749 gt:0.7172) | Val gt:0.9790 dist:0.6668 feat:10.8610 | mag:0.799 var:0.0404 | LR:0.000059 | 62s
  → Saved checkpoint: /root/vitfly/experiments/mamba_branches/optimized_training/mambafusion_distill_s44/branch_Fusion/distill_checkpoint_epoch_25.pth
Epoch  26/50 | Tr:12.3580 (feat:10.9671 dist:0.6760 gt:0.7149) | Val gt:0.9742 dist:0.6696 feat:10.9170 | mag:0.803 var:0.0400 | LR:0.000055 | 62s
Epoch  27/50 | Tr:12.3640 (feat:10.9711 dist:0.6784 gt:0.7145) | Val gt:0.9362 dist:0.7173 feat:10.8282 | mag:0.824 var:0.0415 | LR:0.000052 | 62s
Epoch  28/50 | Tr:12.3542 (feat:10.9642 dist:0.6785 gt:0.7116) | Val gt:0.9537 dist:0.6933 feat:10.8100 | mag:0.815 var:0.0429 | LR:0.000048 | 60s
Epoch  29/50 | Tr:12.3455 (feat:10.9569 dist:0.6782 gt:0.7104) | Val gt:0.9447 dist:0.7030 feat:10.8343 | mag:0.816 var:0.0413 | LR:0.000045 | 62s
Epoch  30/50 | Tr:12.3391 (feat:10.9507 dist:0.6792 gt:0.7093) | Val gt:0.9267 dist:0.7230 feat:10.8397 | mag:0.823 var:0.0411 | LR:0.000041 | 62s
Epoch  31/50 | Tr:12.3249 (feat:10.9380 dist:0.6792 gt:0.7078) | Val gt:0.9451 dist:0.7026 feat:10.8132 | mag:0.815 var:0.0392 | LR:0.000038 | 61s
Epoch  32/50 | Tr:12.3106 (feat:10.9255 dist:0.6791 gt:0.7060) | Val gt:0.9662 dist:0.6814 feat:10.7971 | mag:0.806 var:0.0418 | LR:0.000035 | 62s
Epoch  33/50 | Tr:12.3102 (feat:10.9234 dist:0.6809 gt:0.7059) | Val gt:0.9299 dist:0.7228 feat:10.7706 | mag:0.824 var:0.0427 | LR:0.000031 | 62s
Epoch  34/50 | Tr:12.2879 (feat:10.9038 dist:0.6806 gt:0.7034) | Val gt:0.9726 dist:0.6735 feat:10.7810 | mag:0.803 var:0.0403 | LR:0.000028 | 61s
Epoch  35/50 | Tr:12.2840 (feat:10.8990 dist:0.6811 gt:0.7038) | Val gt:0.9422 dist:0.7074 feat:10.7639 | mag:0.818 var:0.0418 | LR:0.000025 | 62s
Epoch  36/50 | Tr:12.2785 (feat:10.8957 dist:0.6807 gt:0.7020) | Val gt:0.9567 dist:0.6924 feat:10.7446 | mag:0.810 var:0.0420 | LR:0.000022 | 60s
Epoch  37/50 | Tr:12.2644 (feat:10.8798 dist:0.6822 gt:0.7023) | Val gt:0.9320 dist:0.7159 feat:10.7587 | mag:0.818 var:0.0417 | LR:0.000019 | 53s
Epoch  38/50 | Tr:12.2654 (feat:10.8821 dist:0.6821 gt:0.7012) | Val gt:0.9639 dist:0.6845 feat:10.7487 | mag:0.809 var:0.0433 | LR:0.000017 | 63s
Epoch  39/50 | Tr:12.2499 (feat:10.8701 dist:0.6805 gt:0.6994) | Val gt:0.9460 dist:0.7041 feat:10.7092 | mag:0.818 var:0.0428 | LR:0.000014 | 62s
Epoch  40/50 | Tr:12.2408 (feat:10.8602 dist:0.6813 gt:0.6992) | Val gt:0.9366 dist:0.7136 feat:10.7288 | mag:0.820 var:0.0428 | LR:0.000012 | 62s
Epoch  41/50 | Tr:12.2405 (feat:10.8586 dist:0.6823 gt:0.6997) | Val gt:0.9492 dist:0.7008 feat:10.7169 | mag:0.815 var:0.0413 | LR:0.000010 | 62s
Epoch  42/50 | Tr:12.2398 (feat:10.8568 dist:0.6831 gt:0.6999) | Val gt:0.9467 dist:0.7030 feat:10.7150 | mag:0.817 var:0.0423 | LR:0.000008 | 62s
Epoch  43/50 | Tr:12.2361 (feat:10.8547 dist:0.6827 gt:0.6987) | Val gt:0.9374 dist:0.7120 feat:10.7185 | mag:0.819 var:0.0419 | LR:0.000006 | 61s
Epoch  44/50 | Tr:12.2301 (feat:10.8493 dist:0.6823 gt:0.6985) | Val gt:0.9528 dist:0.6955 feat:10.7092 | mag:0.814 var:0.0416 | LR:0.000004 | 61s
Epoch  45/50 | Tr:12.2283 (feat:10.8471 dist:0.6823 gt:0.6989) | Val gt:0.9436 dist:0.7059 feat:10.7077 | mag:0.818 var:0.0427 | LR:0.000003 | 61s
Epoch  46/50 | Tr:12.2282 (feat:10.8476 dist:0.6826 gt:0.6980) | Val gt:0.9476 dist:0.7015 feat:10.7082 | mag:0.816 var:0.0420 | LR:0.000002 | 62s
Epoch  47/50 | Tr:12.2257 (feat:10.8460 dist:0.6821 gt:0.6976) | Val gt:0.9475 dist:0.7031 feat:10.6985 | mag:0.818 var:0.0433 | LR:0.000001 | 61s
Epoch  48/50 | Tr:12.2236 (feat:10.8449 dist:0.6818 gt:0.6969) | Val gt:0.9464 dist:0.7031 feat:10.7107 | mag:0.817 var:0.0426 | LR:0.000000 | 62s
Epoch  49/50 | Tr:12.2232 (feat:10.8440 dist:0.6819 gt:0.6974) | Val gt:0.9487 dist:0.7012 feat:10.7010 | mag:0.816 var:0.0428 | LR:0.000000 | 62s
Epoch  50/50 | Tr:12.2261 (feat:10.8441 dist:0.6833 gt:0.6986) | Val gt:0.9481 dist:0.7015 feat:10.7001 | mag:0.816 var:0.0425 | LR:0.000000 | 62s
  → Saved checkpoint: /root/vitfly/experiments/mamba_branches/optimized_training/mambafusion_distill_s44/branch_Fusion/distill_checkpoint_epoch_50.pth

Branch Fusion distillation completed!
  Best val_score: 1.2850 (gt=0.9207 distill=0.7287)

============================================================
Distillation Summary
============================================================
  Branch Fusion: val_score=1.2850

Checkpoints saved to: /root/vitfly/experiments/mamba_branches/optimized_training/mambafusion_distill_s44
Loss weights: α=1.0 (feat), β=1.0 (distill), γ=1.0 (GT)
