
Using device: cuda
  GPU: NVIDIA GeForce RTX 5090
  CUDA: 12.8

Loading data from: /root/vitfly/training/datasets/data_full
[LAZY DATALOADER] Building file path index...
[LAZY DATALOADER] Found 580 trajectory folders
[LAZY DATALOADER] Indexing folder 170743205912, folder # 1/580, time elapsed 0.00s
[LAZY DATALOADER] Row count mismatch in 170743205912: 372 images vs 414 CSV rows, skipping
[LAZY DATALOADER] Row count mismatch in 170700369348: 125 images vs 124 CSV rows, skipping
[LAZY DATALOADER] Row count mismatch in 170725978329: 289 images vs 288 CSV rows, skipping
[LAZY DATALOADER] Row count mismatch in 170725507255: 222 images vs 228 CSV rows, skipping
[LAZY DATALOADER] Row count mismatch in 170700246399: 99 images vs 98 CSV rows, skipping
[LAZY DATALOADER] Row count mismatch in 170725566753: 153 images vs 152 CSV rows, skipping
[LAZY DATALOADER] Row count mismatch in 170726878203: 231 images vs 230 CSV rows, skipping
[LAZY DATALOADER] Row count mismatch in 170726689120: 213 images vs 212 CSV rows, skipping
[LAZY DATALOADER] Row count mismatch in 170700236906: 129 images vs 128 CSV rows, skipping
[LAZY DATALOADER] Row count mismatch in 170727078390: 246 images vs 252 CSV rows, skipping
[LAZY DATALOADER] Row count mismatch in 170692344508: 73 images vs 72 CSV rows, skipping
[LAZY DATALOADER] Row count mismatch in 170725687425: 336 images vs 362 CSV rows, skipping
[LAZY DATALOADER] Row count mismatch in 170699897724: 37 images vs 38 CSV rows, skipping
[LAZY DATALOADER] Row count mismatch in 170725532836: 195 images vs 194 CSV rows, skipping
[LAZY DATALOADER] Row count mismatch in 170726473577: 211 images vs 210 CSV rows, skipping
[LAZY DATALOADER] Row count mismatch in 170725631541: 139 images vs 138 CSV rows, skipping
[LAZY DATALOADER] Row count mismatch in 170700346766: 151 images vs 150 CSV rows, skipping
[LAZY DATALOADER] Row count mismatch in 170725403764: 221 images vs 220 CSV rows, skipping
[LAZY DATALOADER] Row count mismatch in 170726131920: 317 images vs 316 CSV rows, skipping
[LAZY DATALOADER] Row count mismatch in 170692602150: 51 images vs 50 CSV rows, skipping
[LAZY DATALOADER] Row count mismatch in 170726723228: 257 images vs 256 CSV rows, skipping
[LAZY DATALOADER] Row count mismatch in 170692670033: 59 images vs 58 CSV rows, skipping
[LAZY DATALOADER] Row count mismatch in 170727028448: 225 images vs 224 CSV rows, skipping
[LAZY DATALOADER] Row count mismatch in 170725674343: 346 images vs 360 CSV rows, skipping
[LAZY DATALOADER] Row count mismatch in 170725366886: 313 images vs 312 CSV rows, skipping
[LAZY DATALOADER] Row count mismatch in 170726164683: 307 images vs 306 CSV rows, skipping
[LAZY DATALOADER] Row count mismatch in 170692335583: 63 images vs 62 CSV rows, skipping
[LAZY DATALOADER] Row count mismatch in 170726361198: 269 images vs 268 CSV rows, skipping
[LAZY DATALOADER] Row count mismatch in 170700378855: 135 images vs 134 CSV rows, skipping
[LAZY DATALOADER] Row count mismatch in 170726264087: 243 images vs 242 CSV rows, skipping
[LAZY DATALOADER] Row count mismatch in 170726432552: 225 images vs 224 CSV rows, skipping
[LAZY DATALOADER] Row count mismatch in 170702024385: 109 images vs 108 CSV rows, skipping
[LAZY DATALOADER] Row count mismatch in 170725430539: 183 images vs 182 CSV rows, skipping
[LAZY DATALOADER] Row count mismatch in 170702092133: 181 images vs 180 CSV rows, skipping
[LAZY DATALOADER] Row count mismatch in 170727033217: 241 images vs 240 CSV rows, skipping
[LAZY DATALOADER] Indexing folder 170726289054, folder # 59/580, time elapsed 0.13s
[LAZY DATALOADER] Row count mismatch in 170692361160: 133 images vs 132 CSV rows, skipping
[LAZY DATALOADER] Row count mismatch in 170700324166: 89 images vs 88 CSV rows, skipping
[LAZY DATALOADER] Row count mismatch in 170725479254: 179 images vs 178 CSV rows, skipping
[LAZY DATALOADER] Row count mismatch in 170726254574: 261 images vs 260 CSV rows, skipping
[LAZY DATALOADER] Row count mismatch in 170700387766: 153 images vs 152 CSV rows, skipping
[LAZY DATALOADER] Row count mismatch in 170726084299: 301 images vs 300 CSV rows, skipping
[LAZY DATALOADER] Row count mismatch in 170726408142: 251 images vs 250 CSV rows, skipping
[LAZY DATALOADER] Row count mismatch in 170743321068: 291 images vs 290 CSV rows, skipping
[LAZY DATALOADER] Row count mismatch in 170726744508: 187 images vs 186 CSV rows, skipping
[LAZY DATALOADER] Row count mismatch in 170725588169: 193 images vs 192 CSV rows, skipping
[LAZY DATALOADER] Row count mismatch in 170726939308: 217 images vs 216 CSV rows, skipping
[LAZY DATALOADER] Row count mismatch in 170726249215: 280 images vs 286 CSV rows, skipping
[LAZY DATALOADER] Row count mismatch in 170726468225: 269 images vs 268 CSV rows, skipping
[LAZY DATALOADER] Row count mismatch in 170726778115: 268 images vs 282 CSV rows, skipping
[LAZY DATALOADER] Row count mismatch in 170726969542: 213 images vs 212 CSV rows, skipping
[LAZY DATALOADER] Row count mismatch in 170726244458: 237 images vs 236 CSV rows, skipping
[LAZY DATALOADER] Row count mismatch in 170726436703: 205 images vs 204 CSV rows, skipping
[LAZY DATALOADER] Row count mismatch in 170726217679: 287 images vs 286 CSV rows, skipping
[LAZY DATALOADER] Row count mismatch in 170692579559: 45 images vs 44 CSV rows, skipping
[LAZY DATALOADER] Row count mismatch in 170726893003: 303 images vs 306 CSV rows, skipping
[LAZY DATALOADER] Row count mismatch in 170692341541: 85 images vs 84 CSV rows, skipping
[LAZY DATALOADER] Row count mismatch in 170699814715: 35 images vs 34 CSV rows, skipping
[LAZY DATALOADER] Row count mismatch in 170726801133: 275 images vs 320 CSV rows, skipping
[LAZY DATALOADER] Row count mismatch in 170692610493: 49 images vs 48 CSV rows, skipping
[LAZY DATALOADER] Row count mismatch in 170726985004: 235 images vs 234 CSV rows, skipping
[LAZY DATALOADER] Row count mismatch in 170725517367: 221 images vs 220 CSV rows, skipping
[LAZY DATALOADER] Row count mismatch in 170692323673: 137 images vs 136 CSV rows, skipping
[LAZY DATALOADER] Row count mismatch in 170725231234: 147 images vs 146 CSV rows, skipping
[LAZY DATALOADER] Row count mismatch in 170692434420: 55 images vs 54 CSV rows, skipping
[LAZY DATALOADER] Row count mismatch in 170726492010: 325 images vs 324 CSV rows, skipping
[LAZY DATALOADER] Row count mismatch in 170699842543: 69 images vs 68 CSV rows, skipping
[LAZY DATALOADER] Row count mismatch in 170725988431: 319 images vs 318 CSV rows, skipping
[LAZY DATALOADER] Row count mismatch in 170727083727: 290 images vs 292 CSV rows, skipping
[LAZY DATALOADER] Row count mismatch in 170702446827: 203 images vs 202 CSV rows, skipping
[LAZY DATALOADER] Indexing folder 170726159942, folder # 117/580, time elapsed 0.21s
[LAZY DATALOADER] Row count mismatch in 170725355596: 199 images vs 198 CSV rows, skipping
[LAZY DATALOADER] Row count mismatch in 170726197429: 327 images vs 326 CSV rows, skipping
[LAZY DATALOADER] Row count mismatch in 170726351079: 271 images vs 270 CSV rows, skipping
[LAZY DATALOADER] Row count mismatch in 170702071938: 161 images vs 162 CSV rows, skipping
[LAZY DATALOADER] Row count mismatch in 170699798770: 69 images vs 68 CSV rows, skipping
[LAZY DATALOADER] Row count mismatch in 170702576255: 248 images vs 254 CSV rows, skipping
[LAZY DATALOADER] Row count mismatch in 170699919107: 45 images vs 44 CSV rows, skipping
[LAZY DATALOADER] Row count mismatch in 170699900103: 41 images vs 40 CSV rows, skipping
[LAZY DATALOADER] Row count mismatch in 170702020245: 119 images vs 118 CSV rows, skipping
[LAZY DATALOADER] Row count mismatch in 170702553098: 131 images vs 130 CSV rows, skipping
[LAZY DATALOADER] Row count mismatch in 170743158249: 542 images vs 556 CSV rows, skipping
[LAZY DATALOADER] Row count mismatch in 170700392515: 126 images vs 128 CSV rows, skipping
[LAZY DATALOADER] Row count mismatch in 170743105421: 569 images vs 656 CSV rows, skipping
[LAZY DATALOADER] Row count mismatch in 170700419247: 145 images vs 144 CSV rows, skipping
[LAZY DATALOADER] Row count mismatch in 170726178984: 273 images vs 272 CSV rows, skipping
[LAZY DATALOADER] Row count mismatch in 170726278957: 221 images vs 220 CSV rows, skipping
[LAZY DATALOADER] Row count mismatch in 170725337161: 283 images vs 282 CSV rows, skipping
[LAZY DATALOADER] Row count mismatch in 170725171769: 197 images vs 198 CSV rows, skipping
[LAZY DATALOADER] Row count mismatch in 170725863161: 145 images vs 144 CSV rows, skipping
[LAZY DATALOADER] Row count mismatch in 170692413556: 131 images vs 130 CSV rows, skipping
[LAZY DATALOADER] Row count mismatch in 170726795076: 225 images vs 224 CSV rows, skipping
[LAZY DATALOADER] Row count mismatch in 170725409726: 155 images vs 154 CSV rows, skipping
[LAZY DATALOADER] Row count mismatch in 170726174211: 309 images vs 308 CSV rows, skipping
[LAZY DATALOADER] Row count mismatch in 170726694586: 309 images vs 316 CSV rows, skipping
[LAZY DATALOADER] Row count mismatch in 170692355205: 117 images vs 116 CSV rows, skipping
[LAZY DATALOADER] Row count mismatch in 170702010728: 103 images vs 102 CSV rows, skipping
[LAZY DATALOADER] Row count mismatch in 170727068279: 321 images vs 364 CSV rows, skipping
[LAZY DATALOADER] Row count mismatch in 170726999275: 248 images vs 260 CSV rows, skipping
[LAZY DATALOADER] Row count mismatch in 170727054032: 314 images vs 324 CSV rows, skipping
[LAZY DATALOADER] Row count mismatch in 170700356261: 146 images vs 148 CSV rows, skipping
[LAZY DATALOADER] Indexing folder 170692338554, folder # 175/580, time elapsed 0.31s
[LAZY DATALOADER] Row count mismatch in 170692338554: 69 images vs 68 CSV rows, skipping
[LAZY DATALOADER] Row count mismatch in 170726106923: 251 images vs 250 CSV rows, skipping
[LAZY DATALOADER] Row count mismatch in 170726974308: 354 images vs 360 CSV rows, skipping
[LAZY DATALOADER] Row count mismatch in 170700279060: 147 images vs 146 CSV rows, skipping
[LAZY DATALOADER] Row count mismatch in 170726958902: 287 images vs 286 CSV rows, skipping
[LAZY DATALOADER] Row count mismatch in 170692612875: 53 images vs 52 CSV rows, skipping
[LAZY DATALOADER] Row count mismatch in 170700241053: 207 images vs 206 CSV rows, skipping
[LAZY DATALOADER] Row count mismatch in 170727048088: 399 images vs 438 CSV rows, skipping
[LAZY DATALOADER] Row count mismatch in 170725554855: 195 images vs 194 CSV rows, skipping
[LAZY DATALOADER] Row count mismatch in 170725993189: 341 images vs 340 CSV rows, skipping
[LAZY DATALOADER] Row count mismatch in 170692375422: 89 images vs 88 CSV rows, skipping
[LAZY DATALOADER] Row count mismatch in 170725681475: 253 images vs 252 CSV rows, skipping
[LAZY DATALOADER] Row count mismatch in 170726506306: 232 images vs 238 CSV rows, skipping
[LAZY DATALOADER] Row count mismatch in 170726323620: 285 images vs 284 CSV rows, skipping
[LAZY DATALOADER] Row count mismatch in 170726949382: 233 images vs 232 CSV rows, skipping
[LAZY DATALOADER] Row count mismatch in 170692587275: 65 images vs 64 CSV rows, skipping
[LAZY DATALOADER] Row count mismatch in 170700360435: 129 images vs 128 CSV rows, skipping
[LAZY DATALOADER] Row count mismatch in 170725814468: 77 images vs 76 CSV rows, skipping
[LAZY DATALOADER] Row count mismatch in 170726497392: 249 images vs 248 CSV rows, skipping
[LAZY DATALOADER] Row count mismatch in 170743072172: 405 images vs 404 CSV rows, skipping
[LAZY DATALOADER] Row count mismatch in 170743267611: 415 images vs 442 CSV rows, skipping
[LAZY DATALOADER] Row count mismatch in 170725343691: 185 images vs 184 CSV rows, skipping
[LAZY DATALOADER] Row count mismatch in 170699892982: 63 images vs 62 CSV rows, skipping
[LAZY DATALOADER] Row count mismatch in 170726852651: 368 images vs 396 CSV rows, skipping
[LAZY DATALOADER] Row count mismatch in 170726838397: 212 images vs 214 CSV rows, skipping
[LAZY DATALOADER] Row count mismatch in 170743236749: 367 images vs 366 CSV rows, skipping
[LAZY DATALOADER] Row count mismatch in 170725277072: 187 images vs 186 CSV rows, skipping
[LAZY DATALOADER] Row count mismatch in 170725204479: 175 images vs 174 CSV rows, skipping
[LAZY DATALOADER] Row count mismatch in 170726027139: 345 images vs 344 CSV rows, skipping
[LAZY DATALOADER] Row count mismatch in 170726677554: 249 images vs 248 CSV rows, skipping
[LAZY DATALOADER] Row count mismatch in 170726749357: 370 images vs 402 CSV rows, skipping
[LAZY DATALOADER] Row count mismatch in 170692584317: 99 images vs 98 CSV rows, skipping
[LAZY DATALOADER] Row count mismatch in 170726183734: 255 images vs 254 CSV rows, skipping
[LAZY DATALOADER] Row count mismatch in 170726403391: 191 images vs 190 CSV rows, skipping
[LAZY DATALOADER] Row count mismatch in 170726239690: 308 images vs 310 CSV rows, skipping
[LAZY DATALOADER] Indexing folder 170725636293, folder # 233/580, time elapsed 0.40s
[LAZY DATALOADER] Row count mismatch in 170725636293: 135 images vs 134 CSV rows, skipping
[LAZY DATALOADER] Row count mismatch in 170725560804: 226 images vs 234 CSV rows, skipping
[LAZY DATALOADER] Row count mismatch in 170700319413: 149 images vs 148 CSV rows, skipping
[LAZY DATALOADER] Row count mismatch in 170699929218: 55 images vs 54 CSV rows, skipping
[LAZY DATALOADER] Row count mismatch in 170700218481: 115 images vs 114 CSV rows, skipping
[LAZY DATALOADER] Row count mismatch in 170726913196: 285 images vs 294 CSV rows, skipping
[LAZY DATALOADER] Row count mismatch in 170700208213: 165 images vs 164 CSV rows, skipping
[LAZY DATALOADER] Row count mismatch in 170692551638: 83 images vs 82 CSV rows, skipping
[LAZY DATALOADER] Row count mismatch in 170699931609: 69 images vs 68 CSV rows, skipping
[LAZY DATALOADER] Row count mismatch in 170727004041: 231 images vs 230 CSV rows, skipping
[LAZY DATALOADER] Row count mismatch in 170725538780: 183 images vs 182 CSV rows, skipping
[LAZY DATALOADER] Row count mismatch in 170699853233: 41 images vs 40 CSV rows, skipping
[LAZY DATALOADER] Row count mismatch in 170726824138: 237 images vs 246 CSV rows, skipping
[LAZY DATALOADER] Row count mismatch in 170743242707: 442 images vs 494 CSV rows, skipping
[LAZY DATALOADER] Row count mismatch in 170692432019: 53 images vs 52 CSV rows, skipping
[LAZY DATALOADER] Row count mismatch in 170726511097: 246 images vs 248 CSV rows, skipping
[LAZY DATALOADER] Row count mismatch in 170726318860: 241 images vs 240 CSV rows, skipping
[LAZY DATALOADER] Row count mismatch in 170726755565: 286 images vs 328 CSV rows, skipping
[LAZY DATALOADER] Row count mismatch in 170726995115: 199 images vs 198 CSV rows, skipping
[LAZY DATALOADER] Row count mismatch in 170700227997: 159 images vs 158 CSV rows, skipping
[LAZY DATALOADER] Row count mismatch in 170692592652: 61 images vs 60 CSV rows, skipping
[LAZY DATALOADER] Row count mismatch in 170725183055: 149 images vs 148 CSV rows, skipping
[LAZY DATALOADER] Row count mismatch in 170699933982: 65 images vs 64 CSV rows, skipping
[LAZY DATALOADER] Row count mismatch in 170726314091: 263 images vs 262 CSV rows, skipping
[LAZY DATALOADER] Row count mismatch in 170702014887: 230 images vs 238 CSV rows, skipping
[LAZY DATALOADER] Row count mismatch in 170726862746: 294 images vs 324 CSV rows, skipping
[LAZY DATALOADER] Row count mismatch in 170700423994: 141 images vs 140 CSV rows, skipping
[LAZY DATALOADER] Row count mismatch in 170726979646: 259 images vs 258 CSV rows, skipping
[LAZY DATALOADER] Row count mismatch in 170726842541: 251 images vs 268 CSV rows, skipping
[LAZY DATALOADER] Row count mismatch in 170725647575: 123 images vs 122 CSV rows, skipping
[LAZY DATALOADER] Indexing folder 170692607521, folder # 291/580, time elapsed 0.49s
[LAZY DATALOADER] Row count mismatch in 170725664235: 145 images vs 144 CSV rows, skipping
[LAZY DATALOADER] Row count mismatch in 170726007494: 325 images vs 324 CSV rows, skipping
[LAZY DATALOADER] Row count mismatch in 170743315715: 380 images vs 400 CSV rows, skipping
[LAZY DATALOADER] Row count mismatch in 170726080166: 231 images vs 230 CSV rows, skipping
[LAZY DATALOADER] Row count mismatch in 170692416519: 107 images vs 106 CSV rows, skipping
[LAZY DATALOADER] Row count mismatch in 170726059362: 386 images vs 416 CSV rows, skipping
[LAZY DATALOADER] Row count mismatch in 170702501453: 123 images vs 126 CSV rows, skipping
[LAZY DATALOADER] Row count mismatch in 170726887690: 281 images vs 280 CSV rows, skipping
[LAZY DATALOADER] Row count mismatch in 170727073640: 259 images vs 280 CSV rows, skipping
[LAZY DATALOADER] Row count mismatch in 170726299189: 251 images vs 250 CSV rows, skipping
[LAZY DATALOADER] Row count mismatch in 170692397470: 119 images vs 118 CSV rows, skipping
[LAZY DATALOADER] Row count mismatch in 170692455831: 97 images vs 96 CSV rows, skipping
[LAZY DATALOADER] Row count mismatch in 170743211265: 345 images vs 372 CSV rows, skipping
[LAZY DATALOADER] Row count mismatch in 170702066582: 167 images vs 166 CSV rows, skipping
[LAZY DATALOADER] Row count mismatch in 170726053966: 390 images vs 394 CSV rows, skipping
[LAZY DATALOADER] Row count mismatch in 170743117887: 413 images vs 412 CSV rows, skipping
[LAZY DATALOADER] Row count mismatch in 170692453451: 59 images vs 58 CSV rows, skipping
[LAZY DATALOADER] Row count mismatch in 170702057070: 105 images vs 104 CSV rows, skipping
[LAZY DATALOADER] Row count mismatch in 170699871611: 49 images vs 48 CSV rows, skipping
[LAZY DATALOADER] Row count mismatch in 170702562000: 227 images vs 230 CSV rows, skipping
[LAZY DATALOADER] Row count mismatch in 170725441209: 195 images vs 194 CSV rows, skipping
[LAZY DATALOADER] Row count mismatch in 170692562331: 51 images vs 50 CSV rows, skipping
[LAZY DATALOADER] Row count mismatch in 170726303376: 331 images vs 330 CSV rows, skipping
[LAZY DATALOADER] Row count mismatch in 170726122376: 251 images vs 250 CSV rows, skipping
[LAZY DATALOADER] Row count mismatch in 170743284845: 378 images vs 398 CSV rows, skipping
[LAZY DATALOADER] Row count mismatch in 170699855611: 91 images vs 90 CSV rows, skipping
[LAZY DATALOADER] Row count mismatch in 170725715402: 145 images vs 144 CSV rows, skipping
[LAZY DATALOADER] Row count mismatch in 170743144003: 527 images vs 526 CSV rows, skipping
[LAZY DATALOADER] Row count mismatch in 170743249220: 367 images vs 402 CSV rows, skipping
[LAZY DATALOADER] Row count mismatch in 170692410562: 135 images vs 134 CSV rows, skipping
[LAZY DATALOADER] Row count mismatch in 170726520014: 199 images vs 198 CSV rows, skipping
[LAZY DATALOADER] Indexing folder 170725841776, folder # 349/580, time elapsed 0.58s
[LAZY DATALOADER] Row count mismatch in 170725841776: 191 images vs 190 CSV rows, skipping
[LAZY DATALOADER] Row count mismatch in 170726868099: 283 images vs 282 CSV rows, skipping
[LAZY DATALOADER] Row count mismatch in 170726412873: 225 images vs 230 CSV rows, skipping
[LAZY DATALOADER] Row count mismatch in 170700328313: 155 images vs 154 CSV rows, skipping
[LAZY DATALOADER] Row count mismatch in 170726445644: 227 images vs 226 CSV rows, skipping
[LAZY DATALOADER] Row count mismatch in 170692535018: 77 images vs 76 CSV rows, skipping
[LAZY DATALOADER] Row count mismatch in 170702509743: 107 images vs 106 CSV rows, skipping
[LAZY DATALOADER] Row count mismatch in 170725266365: 175 images vs 174 CSV rows, skipping
[LAZY DATALOADER] Row count mismatch in 170702475946: 171 images vs 170 CSV rows, skipping
[LAZY DATALOADER] Row count mismatch in 170743123829: 475 images vs 474 CSV rows, skipping
[LAZY DATALOADER] Row count mismatch in 170726022382: 260 images vs 274 CSV rows, skipping
[LAZY DATALOADER] Row count mismatch in 170725856033: 165 images vs 164 CSV rows, skipping
[LAZY DATALOADER] Row count mismatch in 170726207541: 299 images vs 298 CSV rows, skipping
[LAZY DATALOADER] Row count mismatch in 170726454556: 201 images vs 200 CSV rows, skipping
[LAZY DATALOADER] Row count mismatch in 170726739038: 313 images vs 360 CSV rows, skipping
[LAZY DATALOADER] Row count mismatch in 170725668987: 163 images vs 162 CSV rows, skipping
[LAZY DATALOADER] Row count mismatch in 170725309222: 225 images vs 224 CSV rows, skipping
[LAZY DATALOADER] Row count mismatch in 170692408193: 65 images vs 64 CSV rows, skipping
[LAZY DATALOADER] Row count mismatch in 170726071279: 267 images vs 276 CSV rows, skipping
[LAZY DATALOADER] Row count mismatch in 170692436812: 47 images vs 46 CSV rows, skipping
[LAZY DATALOADER] Row count mismatch in 170726812669: 233 images vs 236 CSV rows, skipping
[LAZY DATALOADER] Row count mismatch in 170699869244: 45 images vs 44 CSV rows, skipping
[LAZY DATALOADER] Row count mismatch in 170692391515: 139 images vs 138 CSV rows, skipping
[LAZY DATALOADER] Row count mismatch in 170700255883: 105 images vs 104 CSV rows, skipping
[LAZY DATALOADER] Row count mismatch in 170692326650: 115 images vs 114 CSV rows, skipping
[LAZY DATALOADER] Row count mismatch in 170726954134: 239 images vs 238 CSV rows, skipping
[LAZY DATALOADER] Row count mismatch in 170725501908: 153 images vs 152 CSV rows, skipping
[LAZY DATALOADER] Row count mismatch in 170725304466: 129 images vs 128 CSV rows, skipping
[LAZY DATALOADER] Row count mismatch in 170726934574: 249 images vs 248 CSV rows, skipping
[LAZY DATALOADER] Row count mismatch in 170726283699: 339 images vs 338 CSV rows, skipping
[LAZY DATALOADER] Indexing folder 170699801689, folder # 407/580, time elapsed 0.66s
[LAZY DATALOADER] Row count mismatch in 170699801689: 45 images vs 44 CSV rows, skipping
[LAZY DATALOADER] Row count mismatch in 170725527463: 181 images vs 180 CSV rows, skipping
[LAZY DATALOADER] Row count mismatch in 170726273618: 365 images vs 364 CSV rows, skipping
[LAZY DATALOADER] Row count mismatch in 170700232744: 105 images vs 104 CSV rows, skipping
[LAZY DATALOADER] Row count mismatch in 170725577457: 129 images vs 128 CSV rows, skipping
[LAZY DATALOADER] Row count mismatch in 170692467197: 39 images vs 38 CSV rows, skipping
[LAZY DATALOADER] Row count mismatch in 170725236576: 225 images vs 224 CSV rows, skipping
[LAZY DATALOADER] Row count mismatch in 170725220546: 165 images vs 164 CSV rows, skipping
[LAZY DATALOADER] Row count mismatch in 170726761024: 293 images vs 300 CSV rows, skipping
[LAZY DATALOADER] Row count mismatch in 170702513896: 221 images vs 224 CSV rows, skipping
[LAZY DATALOADER] Row count mismatch in 170700222636: 157 images vs 156 CSV rows, skipping
[LAZY DATALOADER] Row count mismatch in 170692475538: 43 images vs 42 CSV rows, skipping
[LAZY DATALOADER] Row count mismatch in 170700333084: 157 images vs 156 CSV rows, skipping
[LAZY DATALOADER] Row count mismatch in 170725622069: 143 images vs 142 CSV rows, skipping
[LAZY DATALOADER] Row count mismatch in 170726882938: 236 images vs 244 CSV rows, skipping
[LAZY DATALOADER] Row count mismatch in 170699909594: 45 images vs 46 CSV rows, skipping
[LAZY DATALOADER] Row count mismatch in 170726127157: 249 images vs 248 CSV rows, skipping
[LAZY DATALOADER] Row count mismatch in 170725321119: 139 images vs 138 CSV rows, skipping
[LAZY DATALOADER] Row count mismatch in 170725828715: 146 images vs 148 CSV rows, skipping
[LAZY DATALOADER] Row count mismatch in 170726043239: 237 images vs 238 CSV rows, skipping
[LAZY DATALOADER] Row count mismatch in 170726458724: 228 images vs 232 CSV rows, skipping
[LAZY DATALOADER] Row count mismatch in 170725373433: 171 images vs 170 CSV rows, skipping
[LAZY DATALOADER] Row count mismatch in 170699890625: 55 images vs 54 CSV rows, skipping
[LAZY DATALOADER] Row count mismatch in 170727088467: 360 images vs 402 CSV rows, skipping
[LAZY DATALOADER] Row count mismatch in 170726450394: 203 images vs 202 CSV rows, skipping
[LAZY DATALOADER] Row count mismatch in 170702004765: 260 images vs 276 CSV rows, skipping
[LAZY DATALOADER] Row count mismatch in 170743255138: 474 images vs 520 CSV rows, skipping
[LAZY DATALOADER] Row count mismatch in 170725495945: 179 images vs 178 CSV rows, skipping
[LAZY DATALOADER] Row count mismatch in 170702097491: 161 images vs 160 CSV rows, skipping
[LAZY DATALOADER] Row count mismatch in 170726234364: 259 images vs 258 CSV rows, skipping
[LAZY DATALOADER] Row count mismatch in 170727023088: 243 images vs 242 CSV rows, skipping
[LAZY DATALOADER] Row count mismatch in 170725582221: 199 images vs 198 CSV rows, skipping
[LAZY DATALOADER] Row count mismatch in 170692472528: 85 images vs 84 CSV rows, skipping
[LAZY DATALOADER] Row count mismatch in 170726427777: 273 images vs 272 CSV rows, skipping
[LAZY DATALOADER] Row count mismatch in 170692369465: 79 images vs 78 CSV rows, skipping
[LAZY DATALOADER] Row count mismatch in 170726136699: 225 images vs 224 CSV rows, skipping
[LAZY DATALOADER] Row count mismatch in 170725198540: 210 images vs 214 CSV rows, skipping
[LAZY DATALOADER] Row count mismatch in 170725242543: 217 images vs 216 CSV rows, skipping
[LAZY DATALOADER] Row count mismatch in 170692570022: 53 images vs 52 CSV rows, skipping
[LAZY DATALOADER] Row count mismatch in 170700383606: 91 images vs 90 CSV rows, skipping
[LAZY DATALOADER] Row count mismatch in 170702037462: 129 images vs 128 CSV rows, skipping
[LAZY DATALOADER] Row count mismatch in 170725457863: 255 images vs 254 CSV rows, skipping
[LAZY DATALOADER] Indexing folder 170743196869, folder # 465/580, time elapsed 0.75s
[LAZY DATALOADER] Row count mismatch in 170743196869: 401 images vs 434 CSV rows, skipping
[LAZY DATALOADER] Row count mismatch in 170702452193: 170 images vs 172 CSV rows, skipping
[LAZY DATALOADER] Row count mismatch in 170725463806: 141 images vs 140 CSV rows, skipping
[LAZY DATALOADER] Row count mismatch in 170726111655: 330 images vs 364 CSV rows, skipping
[LAZY DATALOADER] Row count mismatch in 170699885280: 41 images vs 40 CSV rows, skipping
[LAZY DATALOADER] Row count mismatch in 170743215994: 387 images vs 434 CSV rows, skipping
[LAZY DATALOADER] Row count mismatch in 170702524605: 217 images vs 232 CSV rows, skipping
[LAZY DATALOADER] Row count mismatch in 170726482492: 289 images vs 288 CSV rows, skipping
[LAZY DATALOADER] Row count mismatch in 170725215196: 185 images vs 184 CSV rows, skipping
[LAZY DATALOADER] Row count mismatch in 170725657088: 362 images vs 380 CSV rows, skipping
[LAZY DATALOADER] Row count mismatch in 170726828879: 189 images vs 188 CSV rows, skipping
[LAZY DATALOADER] Row count mismatch in 170727099746: 279 images vs 296 CSV rows, skipping
[LAZY DATALOADER] Row count mismatch in 170726700659: 282 images vs 312 CSV rows, skipping
[LAZY DATALOADER] Row count mismatch in 170699911969: 37 images vs 36 CSV rows, skipping
[LAZY DATALOADER] Row count mismatch in 170702042209: 169 images vs 168 CSV rows, skipping
[LAZY DATALOADER] Row count mismatch in 170726268820: 259 images vs 258 CSV rows, skipping
[LAZY DATALOADER] Row count mismatch in 170692347491: 65 images vs 64 CSV rows, skipping
[LAZY DATALOADER] Row count mismatch in 170699845526: 37 images vs 36 CSV rows, skipping
[LAZY DATALOADER] Row count mismatch in 170692388522: 107 images vs 106 CSV rows, skipping
[LAZY DATALOADER] Row count mismatch in 170726169449: 261 images vs 260 CSV rows, skipping
[LAZY DATALOADER] Row count mismatch in 170726377271: 299 images vs 298 CSV rows, skipping
[LAZY DATALOADER] Row count mismatch in 170699831279: 55 images vs 54 CSV rows, skipping
[LAZY DATALOADER] Row count mismatch in 170726944046: 347 images vs 384 CSV rows, skipping
[LAZY DATALOADER] Row count mismatch in 170726908452: 257 images vs 256 CSV rows, skipping
[LAZY DATALOADER] Row count mismatch in 170725332414: 158 images vs 164 CSV rows, skipping
[LAZY DATALOADER] Row count mismatch in 170743296709: 339 images vs 350 CSV rows, skipping
[LAZY DATALOADER] Row count mismatch in 170700337839: 139 images vs 138 CSV rows, skipping
[LAZY DATALOADER] Row count mismatch in 170692577179: 59 images vs 58 CSV rows, skipping
[LAZY DATALOADER] Row count mismatch in 170725315155: 207 images vs 206 CSV rows, skipping
[LAZY DATALOADER] Row count mismatch in 170726012265: 271 images vs 270 CSV rows, skipping
[LAZY DATALOADER] Indexing folder 170700296852, folder # 523/580, time elapsed 0.85s
[LAZY DATALOADER] Row count mismatch in 170726065324: 358 images vs 374 CSV rows, skipping
[LAZY DATALOADER] Row count mismatch in 170726683648: 195 images vs 196 CSV rows, skipping
[LAZY DATALOADER] Row count mismatch in 170743130358: 499 images vs 498 CSV rows, skipping
[LAZY DATALOADER] Row count mismatch in 170727111037: 221 images vs 220 CSV rows, skipping
[LAZY DATALOADER] Row count mismatch in 170743221934: 414 images vs 434 CSV rows, skipping
[LAZY DATALOADER] Row count mismatch in 170692597401: 53 images vs 52 CSV rows, skipping
[LAZY DATALOADER] Row count mismatch in 170692445114: 65 images vs 64 CSV rows, skipping
[LAZY DATALOADER] Row count mismatch in 170692572394: 55 images vs 54 CSV rows, skipping
[LAZY DATALOADER] Row count mismatch in 170700433509: 105 images vs 104 CSV rows, skipping
[LAZY DATALOADER] Row count mismatch in 170726048009: 303 images vs 302 CSV rows, skipping
[LAZY DATALOADER] Row count mismatch in 170725468563: 141 images vs 140 CSV rows, skipping
[LAZY DATALOADER] Row count mismatch in 170726140918: 293 images vs 292 CSV rows, skipping
[LAZY DATALOADER] Row count mismatch in 170725299098: 163 images vs 162 CSV rows, skipping
[LAZY DATALOADER] Row count mismatch in 170726150418: 267 images vs 266 CSV rows, skipping
[LAZY DATALOADER] Row count mismatch in 170743278897: 462 images vs 536 CSV rows, skipping
[LAZY DATALOADER] Row count mismatch in 170700265390: 145 images vs 144 CSV rows, skipping
[LAZY DATALOADER] Row count mismatch in 170743165379: 486 images vs 546 CSV rows, skipping
[LAZY DATALOADER] Row count mismatch in 170725819229: 81 images vs 80 CSV rows, skipping
[LAZY DATALOADER] Row count mismatch in 170743261687: 457 images vs 526 CSV rows, skipping
[LAZY DATALOADER] Row count mismatch in 170700283787: 145 images vs 148 CSV rows, skipping
[LAZY DATALOADER] Row count mismatch in 170725378773: 400 images vs 428 CSV rows, skipping
[LAZY DATALOADER] Row count mismatch in 170726366564: 362 images vs 364 CSV rows, skipping
[LAZY DATALOADER] Row count mismatch in 170743273549: 319 images vs 318 CSV rows, skipping
[LAZY DATALOADER] Row count mismatch in 170702544200: 145 images vs 144 CSV rows, skipping
[LAZY DATALOADER] Row count mismatch in 170702471193: 179 images vs 178 CSV rows, skipping
[LAZY DATALOADER] Row count mismatch in 170692400444: 115 images vs 114 CSV rows, skipping
[LAZY DATALOADER] Row count mismatch in 170726388586: 273 images vs 272 CSV rows, skipping
[LAZY DATALOADER] Row count mismatch in 170699924457: 31 images vs 30 CSV rows, skipping
[LAZY DATALOADER] Row count mismatch in 170725188423: 225 images vs 224 CSV rows, skipping
[LAZY DATALOADER] Row count mismatch in 170692372432: 121 images vs 120 CSV rows, skipping
[LAZY DATALOADER] Indexed 42156 samples
[LAZY DATALOADER] Skipped 327 folders, 67920 images
[LAZY DATALOADER] Indexing took 0.94s
[LAZY DATALOADER] Train samples: 33725
[LAZY DATALOADER] Val samples: 8431
  Training samples: 33725
  Validation samples: 8431

############################################################
# Starting distillation for Branch Fusion
############################################################

============================================================
Distillation Training: Branch Fusion
  Teacher: ViT+LSTM (frozen)
  Student: Fusion
  Loss weights: α=1.0, β=1.0, γ=1.0
============================================================

============================================================
Loading Teacher: ViT+LSTM (TeacherVITLSTM, ckpt-compatible)
============================================================
  Loaded teacher from: /root/vitfly/models/ViTLSTM_model.pth
  Teacher parameters: 3,563,663 (3.56M)
  Teacher frozen: True
  Student (Fusion) parameters: 3,186,307 (3.19M)

Starting distillation for 50 epochs...
  Batch size: 32, Grad accum: 1
  Sequence length: 1
Epoch   1/50 | Tr:12.5688 (feat:10.8421 dist:0.5621 gt:1.1646) | Val gt:1.1286 dist:0.5704 feat:11.1181 | mag:0.743 var:0.0127 | LR:0.000040 | 70s
  ★ Best model! score=1.4138 (gt=1.1286 distill=0.5704)
Epoch   2/50 | Tr:12.7117 (feat:11.0609 dist:0.5750 gt:1.0758) | Val gt:1.0566 dist:0.6328 feat:11.2217 | mag:0.785 var:0.0143 | LR:0.000060 | 61s
  ★ Best model! score=1.3730 (gt=1.0566 distill=0.6328)
Epoch   3/50 | Tr:12.7834 (feat:11.1612 dist:0.5820 gt:1.0403) | Val gt:1.2605 dist:0.4414 feat:11.3402 | mag:0.703 var:0.0142 | LR:0.000080 | 63s
Epoch   4/50 | Tr:12.7896 (feat:11.1949 dist:0.5873 gt:1.0073) | Val gt:1.1450 dist:0.5103 feat:11.3281 | mag:0.734 var:0.0237 | LR:0.000100 | 61s
Epoch   5/50 | Tr:12.7292 (feat:11.1659 dist:0.5953 gt:0.9680) | Val gt:1.0125 dist:0.6136 feat:11.3064 | mag:0.782 var:0.0238 | LR:0.000100 | 62s
  ★ Best model! score=1.3193 (gt=1.0125 distill=0.6136)
Epoch   6/50 | Tr:12.6593 (feat:11.1207 dist:0.6087 gt:0.9299) | Val gt:1.0607 dist:0.5573 feat:11.3266 | mag:0.759 var:0.0210 | LR:0.000100 | 62s
Epoch   7/50 | Tr:12.6281 (feat:11.1157 dist:0.6198 gt:0.8926) | Val gt:0.9747 dist:0.6189 feat:11.2454 | mag:0.796 var:0.0291 | LR:0.000100 | 62s
  ★ Best model! score=1.2842 (gt=0.9747 distill=0.6189)
Epoch   8/50 | Tr:12.5867 (feat:11.0892 dist:0.6305 gt:0.8670) | Val gt:0.9517 dist:0.6426 feat:11.2689 | mag:0.807 var:0.0306 | LR:0.000099 | 60s
  ★ Best model! score=1.2730 (gt=0.9517 distill=0.6426)
Epoch   9/50 | Tr:12.6095 (feat:11.1280 dist:0.6376 gt:0.8439) | Val gt:0.8411 dist:0.7545 feat:11.3216 | mag:0.852 var:0.0407 | LR:0.000098 | 62s
  ★ Best model! score=1.2184 (gt=0.8411 distill=0.7545)
Epoch  10/50 | Tr:12.5459 (feat:11.0728 dist:0.6445 gt:0.8286) | Val gt:0.9922 dist:0.5930 feat:11.2541 | mag:0.766 var:0.0266 | LR:0.000097 | 61s
Epoch  11/50 | Tr:12.5055 (feat:11.0435 dist:0.6498 gt:0.8123) | Val gt:0.8976 dist:0.6878 feat:11.1432 | mag:0.815 var:0.0365 | LR:0.000096 | 61s
Epoch  12/50 | Tr:12.4930 (feat:11.0378 dist:0.6545 gt:0.8008) | Val gt:0.9977 dist:0.5889 feat:11.2421 | mag:0.773 var:0.0334 | LR:0.000094 | 61s
Epoch  13/50 | Tr:12.4685 (feat:11.0187 dist:0.6596 gt:0.7901) | Val gt:0.8878 dist:0.7050 feat:11.0954 | mag:0.833 var:0.0455 | LR:0.000092 | 63s
Epoch  14/50 | Tr:12.4592 (feat:11.0184 dist:0.6613 gt:0.7795) | Val gt:0.9350 dist:0.6486 feat:11.1372 | mag:0.799 var:0.0368 | LR:0.000090 | 61s
Epoch  15/50 | Tr:12.4413 (feat:11.0060 dist:0.6635 gt:0.7719) | Val gt:0.9774 dist:0.6113 feat:11.0981 | mag:0.785 var:0.0447 | LR:0.000088 | 62s
Epoch  16/50 | Tr:12.4561 (feat:11.0249 dist:0.6675 gt:0.7636) | Val gt:0.8921 dist:0.6963 feat:11.1576 | mag:0.816 var:0.0378 | LR:0.000086 | 60s
Epoch  17/50 | Tr:12.4428 (feat:11.0199 dist:0.6694 gt:0.7536) | Val gt:0.9187 dist:0.6644 feat:11.1737 | mag:0.803 var:0.0375 | LR:0.000083 | 60s
Epoch  18/50 | Tr:12.4352 (feat:11.0134 dist:0.6718 gt:0.7501) | Val gt:0.8612 dist:0.7304 feat:11.0659 | mag:0.828 var:0.0404 | LR:0.000081 | 63s
Epoch  19/50 | Tr:12.4216 (feat:11.0051 dist:0.6730 gt:0.7435) | Val gt:0.9004 dist:0.6872 feat:11.1374 | mag:0.812 var:0.0387 | LR:0.000078 | 59s
Epoch  20/50 | Tr:12.3922 (feat:10.9791 dist:0.6747 gt:0.7384) | Val gt:0.9251 dist:0.6589 feat:11.0637 | mag:0.800 var:0.0409 | LR:0.000075 | 63s
Epoch  21/50 | Tr:12.3994 (feat:10.9880 dist:0.6762 gt:0.7352) | Val gt:0.8855 dist:0.6970 feat:11.0614 | mag:0.813 var:0.0383 | LR:0.000072 | 61s
Epoch  22/50 | Tr:12.3911 (feat:10.9820 dist:0.6779 gt:0.7312) | Val gt:0.8853 dist:0.7014 feat:11.0465 | mag:0.814 var:0.0394 | LR:0.000069 | 60s
Epoch  23/50 | Tr:12.3756 (feat:10.9696 dist:0.6781 gt:0.7279) | Val gt:0.9153 dist:0.6701 feat:11.0503 | mag:0.801 var:0.0396 | LR:0.000065 | 60s
Epoch  24/50 | Tr:12.3665 (feat:10.9592 dist:0.6807 gt:0.7266) | Val gt:0.9141 dist:0.6674 feat:11.0341 | mag:0.805 var:0.0401 | LR:0.000062 | 62s
Epoch  25/50 | Tr:12.3434 (feat:10.9429 dist:0.6789 gt:0.7216) | Val gt:0.9141 dist:0.6657 feat:11.0536 | mag:0.795 var:0.0362 | LR:0.000059 | 61s
  → Saved checkpoint: /root/vitfly/experiments/mamba_branches/optimized_training/mambafusion_distill_s42/branch_Fusion/distill_checkpoint_epoch_25.pth
Epoch  26/50 | Tr:12.3350 (feat:10.9333 dist:0.6809 gt:0.7207) | Val gt:0.9127 dist:0.6739 feat:11.0278 | mag:0.802 var:0.0413 | LR:0.000055 | 61s
Epoch  27/50 | Tr:12.3205 (feat:10.9213 dist:0.6809 gt:0.7183) | Val gt:0.9269 dist:0.6530 feat:11.0206 | mag:0.792 var:0.0391 | LR:0.000052 | 61s
Epoch  28/50 | Tr:12.3202 (feat:10.9197 dist:0.6828 gt:0.7178) | Val gt:0.9071 dist:0.6746 feat:11.0040 | mag:0.802 var:0.0395 | LR:0.000048 | 60s
Epoch  29/50 | Tr:12.2965 (feat:10.8967 dist:0.6838 gt:0.7160) | Val gt:0.9398 dist:0.6437 feat:10.9804 | mag:0.792 var:0.0412 | LR:0.000045 | 62s
Epoch  30/50 | Tr:12.2857 (feat:10.8892 dist:0.6828 gt:0.7137) | Val gt:0.9056 dist:0.6798 feat:10.9902 | mag:0.804 var:0.0418 | LR:0.000041 | 62s
Epoch  31/50 | Tr:12.2740 (feat:10.8788 dist:0.6832 gt:0.7120) | Val gt:0.8969 dist:0.6849 feat:10.9722 | mag:0.805 var:0.0399 | LR:0.000038 | 61s
Epoch  32/50 | Tr:12.2647 (feat:10.8719 dist:0.6827 gt:0.7100) | Val gt:0.8953 dist:0.6889 feat:10.9996 | mag:0.805 var:0.0385 | LR:0.000035 | 61s
Epoch  33/50 | Tr:12.2682 (feat:10.8738 dist:0.6846 gt:0.7098) | Val gt:0.9075 dist:0.6786 feat:10.9709 | mag:0.805 var:0.0405 | LR:0.000031 | 62s
Epoch  34/50 | Tr:12.2583 (feat:10.8625 dist:0.6856 gt:0.7102) | Val gt:0.8946 dist:0.6917 feat:10.9648 | mag:0.812 var:0.0391 | LR:0.000028 | 61s
Epoch  35/50 | Tr:12.2497 (feat:10.8572 dist:0.6845 gt:0.7080) | Val gt:0.9142 dist:0.6688 feat:10.9622 | mag:0.799 var:0.0388 | LR:0.000025 | 60s
Epoch  36/50 | Tr:12.2371 (feat:10.8450 dist:0.6849 gt:0.7072) | Val gt:0.9200 dist:0.6623 feat:10.9380 | mag:0.798 var:0.0389 | LR:0.000022 | 61s
Epoch  37/50 | Tr:12.2361 (feat:10.8395 dist:0.6879 gt:0.7087) | Val gt:0.8901 dist:0.6940 feat:10.9452 | mag:0.807 var:0.0390 | LR:0.000019 | 61s
Epoch  38/50 | Tr:12.2238 (feat:10.8288 dist:0.6872 gt:0.7078) | Val gt:0.9107 dist:0.6731 feat:10.9331 | mag:0.798 var:0.0386 | LR:0.000017 | 61s
Epoch  39/50 | Tr:12.2141 (feat:10.8216 dist:0.6861 gt:0.7063) | Val gt:0.8966 dist:0.6864 feat:10.9270 | mag:0.804 var:0.0380 | LR:0.000014 | 61s
Epoch  40/50 | Tr:12.2075 (feat:10.8157 dist:0.6864 gt:0.7054) | Val gt:0.9147 dist:0.6701 feat:10.9149 | mag:0.799 var:0.0389 | LR:0.000012 | 60s
Epoch  41/50 | Tr:12.2040 (feat:10.8116 dist:0.6870 gt:0.7054) | Val gt:0.9122 dist:0.6704 feat:10.9335 | mag:0.797 var:0.0376 | LR:0.000010 | 60s
Epoch  42/50 | Tr:12.1950 (feat:10.8052 dist:0.6859 gt:0.7039) | Val gt:0.9032 dist:0.6795 feat:10.9145 | mag:0.802 var:0.0383 | LR:0.000008 | 61s
Epoch  43/50 | Tr:12.1921 (feat:10.7996 dist:0.6876 gt:0.7049) | Val gt:0.9152 dist:0.6680 feat:10.9022 | mag:0.799 var:0.0388 | LR:0.000006 | 61s
Epoch  44/50 | Tr:12.1886 (feat:10.7943 dist:0.6886 gt:0.7056) | Val gt:0.9065 dist:0.6790 feat:10.8879 | mag:0.803 var:0.0394 | LR:0.000004 | 61s
Epoch  45/50 | Tr:12.1822 (feat:10.7916 dist:0.6866 gt:0.7039) | Val gt:0.9050 dist:0.6789 feat:10.8946 | mag:0.802 var:0.0390 | LR:0.000003 | 62s
Epoch  46/50 | Tr:12.1803 (feat:10.7913 dist:0.6864 gt:0.7026) | Val gt:0.9072 dist:0.6766 feat:10.9004 | mag:0.801 var:0.0393 | LR:0.000002 | 60s
Epoch  47/50 | Tr:12.1793 (feat:10.7883 dist:0.6875 gt:0.7035) | Val gt:0.9087 dist:0.6758 feat:10.8918 | mag:0.801 var:0.0394 | LR:0.000001 | 53s
Epoch  48/50 | Tr:12.1755 (feat:10.7859 dist:0.6872 gt:0.7025) | Val gt:0.9052 dist:0.6797 feat:10.8855 | mag:0.803 var:0.0393 | LR:0.000000 | 60s
Epoch  49/50 | Tr:12.1780 (feat:10.7865 dist:0.6873 gt:0.7042) | Val gt:0.9057 dist:0.6786 feat:10.8929 | mag:0.802 var:0.0393 | LR:0.000000 | 61s
Epoch  50/50 | Tr:12.1736 (feat:10.7853 dist:0.6852 gt:0.7032) | Val gt:0.9038 dist:0.6802 feat:10.8941 | mag:0.803 var:0.0391 | LR:0.000000 | 58s
  → Saved checkpoint: /root/vitfly/experiments/mamba_branches/optimized_training/mambafusion_distill_s42/branch_Fusion/distill_checkpoint_epoch_50.pth

Branch Fusion distillation completed!
  Best val_score: 1.2184 (gt=0.8411 distill=0.7545)

============================================================
Distillation Summary
============================================================
  Branch Fusion: val_score=1.2184

Checkpoints saved to: /root/vitfly/experiments/mamba_branches/optimized_training/mambafusion_distill_s42
Loss weights: α=1.0 (feat), β=1.0 (distill), γ=1.0 (GT)
